###############################################################################
#
# IAR ELF Linker V8.30.1.114/W32 for ARM                  11/Jul/2019  15:14:12
# Copyright 2007-2018 IAR Systems AB.
#
#    Output file  =  
#        C:\Users\lucastsuchiya\Google
#        Drive\NotebookAsus\Embarcados\Laboratorio3\Laboratório3\tarefas\ewarm\Exe\tarefas.out
#    Map file     =  
#        C:\Users\lucastsuchiya\Google
#        Drive\NotebookAsus\Embarcados\Laboratorio3\Laboratório3\tarefas\ewarm\List\tarefas.map
#    Command line =  
#        -f C:\Users\LUCAST~1\AppData\Local\Temp\EW8437.tmp
#        ("C:\Users\lucastsuchiya\Google
#        Drive\NotebookAsus\Embarcados\Laboratorio3\Laboratório3\tarefas\ewarm\Obj\driverleds.o"
#        "C:\Users\lucastsuchiya\Google
#        Drive\NotebookAsus\Embarcados\Laboratorio3\Laboratório3\driverlib\ewarm\Exe\driverlib.a"
#        "C:\Users\lucastsuchiya\Google
#        Drive\NotebookAsus\Embarcados\Laboratorio3\Laboratório3\tarefas\ewarm\Obj\main.o"
#        "C:\Users\lucastsuchiya\Google
#        Drive\NotebookAsus\Embarcados\Laboratorio3\Laboratório3\CMSIS\RTOS2\RTX\Library\IAR\RTX_CM4F.a"
#        "C:\Users\lucastsuchiya\Google
#        Drive\NotebookAsus\Embarcados\Laboratorio3\Laboratório3\tarefas\ewarm\Obj\RTX_Config.o"
#        "C:\Users\lucastsuchiya\Google
#        Drive\NotebookAsus\Embarcados\Laboratorio3\Laboratório3\tarefas\ewarm\Obj\rtx_lib.o"
#        "C:\Users\lucastsuchiya\Google
#        Drive\NotebookAsus\Embarcados\Laboratorio3\Laboratório3\tarefas\ewarm\Obj\startup_tm4c1294.o"
#        "C:\Users\lucastsuchiya\Google
#        Drive\NotebookAsus\Embarcados\Laboratorio3\Laboratório3\tarefas\ewarm\Obj\system_tm4c1294.o"
#        "C:\Users\lucastsuchiya\Google
#        Drive\NotebookAsus\Embarcados\Laboratorio3\Laboratório3\tarefas\ewarm\Obj\uartstdio.o"
#        --no_out_extension -o "C:\Users\lucastsuchiya\Google
#        Drive\NotebookAsus\Embarcados\Laboratorio3\Laboratório3\tarefas\ewarm\Exe\tarefas.out"
#        --map "C:\Users\lucastsuchiya\Google
#        Drive\NotebookAsus\Embarcados\Laboratorio3\Laboratório3\tarefas\ewarm\List\tarefas.map"
#        --config "C:\Program Files (x86)\IAR Systems\Embedded Workbench
#        8.1\arm\config\linker\TexasInstruments\TM4C1294NC.icf" --semihosting
#        --entry __iar_program_start --vfe --text_out locale)
#
###############################################################################

*******************************************************************************
*** RUNTIME MODEL ATTRIBUTES
***

CppFlavor       = *
__SystemLibrary = DLib
__dlib_version  = 6


*******************************************************************************
*** HEAP SELECTION
***

The basic heap was selected because some modules are built with
size limitations (and not runtime checking), and --advanced_heap
was not specified.


*******************************************************************************
*** PLACEMENT SUMMARY
***

"A0":  place at 0x0 { ro section .intvec };
"P1":  place in [from 0x0 to 0xf'ffff] { ro };
define block CSTACK with size = 32K, alignment = 8 { };
define block HEAP with size = 64K, alignment = 8 { };
"P2":  place in [from 0x2000'0000 to 0x2003'ffff] {
          rw, block CSTACK, block HEAP };
initialize by copy { rw };

  Section               Kind         Address    Size  Object
  -------               ----         -------    ----  ------
"A0":                                          0x26c
  .intvec               ro code          0x0   0x26c  startup_tm4c1294.o [1]
                                     - 0x26c   0x26c

"P1":                                         0x2e41
  .text                 ro code        0x26c   0x9a0  rtx_thread.o [2]
  .text                 ro code        0xc0c     0x2  rtx_evr.o [2]
  .text                 ro code        0xc0e     0x2  rtx_evr.o [2]
  .text                 ro code        0xc10     0x2  rtx_evr.o [2]
  .text                 ro code        0xc12     0x2  rtx_evr.o [2]
  .text                 ro code        0xc14     0x2  rtx_evr.o [2]
  .text                 ro code        0xc16     0x2  rtx_evr.o [2]
  .text                 ro code        0xc18     0x2  rtx_evr.o [2]
  .text                 ro code        0xc1a     0x2  rtx_evr.o [2]
  .text                 ro code        0xc1c     0x2  rtx_evr.o [2]
  .text                 ro code        0xc1e     0x2  rtx_evr.o [2]
  .text                 ro code        0xc20     0x2  rtx_evr.o [2]
  .text                 ro code        0xc22     0x2  rtx_evr.o [2]
  .text                 ro code        0xc24     0x2  rtx_evr.o [2]
  .text                 ro code        0xc26    0x3a  zero_init3.o [6]
  .text                 ro code        0xc60    0xe6  rtx_mempool.o [2]
  .text                 ro code        0xd46     0x2  rtx_evr.o [2]
  .text                 ro code        0xd48    0x82  rtx_memory.o [2]
  .text                 ro code        0xdca     0x2  RTX_Config.o [1]
  .text                 ro code        0xdcc     0x6  ABImemclr4.o [6]
  .text                 ro code        0xdd2     0x2  rtx_evr.o [2]
  .text                 ro code        0xdd4    0x4c  rtx_memory.o [2]
  .text                 ro code        0xe20    0x4c  rtx_mutex.o [2]
  .text                 ro code        0xe6c     0x2  rtx_evr.o [2]
  .text                 ro code        0xe6e     0x2  rtx_evr.o [2]
  .text                 ro code        0xe70     0x2  rtx_evr.o [2]
  .text                 ro code        0xe72     0x2  rtx_evr.o [2]
  .text                 ro code        0xe74     0x2  rtx_evr.o [2]
  .text                 ro code        0xe76     0x2  rtx_evr.o [2]
  .text                 ro code        0xe78     0x2  rtx_evr.o [2]
  .text                 ro code        0xe7a     0x2  rtx_evr.o [2]
  .text                 ro code        0xe7c   0x174  rtx_system.o [2]
  .text                 ro code        0xff0     0x2  rtx_evr.o [2]
  .text                 ro code        0xff2    0x20  RTX_Config.o [1]
  .text                 ro code       0x1012     0x2  rtx_evr.o [2]
  .text                 ro code       0x1014     0x2  rtx_evr.o [2]
  .text                 ro code       0x1016     0x2  rtx_evr.o [2]
  .text                 ro code       0x1018     0x2  rtx_evr.o [2]
  .text                 ro code       0x101c    0x32  ABImemset48.o [6]
  .text                 ro code       0x104e     0x2  rtx_evr.o [2]
  .text                 ro code       0x1050     0x2  rtx_evr.o [2]
  .text                 ro code       0x1052     0x2  rtx_evr.o [2]
  .text                 ro code       0x1054     0xc  os_systick.o [2]
  .text                 ro code       0x1060   0x62c  rtx_msgqueue.o [2]
  .text                 ro code       0x168c    0xa6  ABImemcpy.o [6]
  .text                 ro code       0x1732     0x2  rtx_evr.o [2]
  .text                 ro code       0x1734     0x2  rtx_evr.o [2]
  .text                 ro code       0x1736     0x2  rtx_evr.o [2]
  .text                 ro code       0x1738     0x6  ABImemclr.o [6]
  .text                 ro code       0x173e     0x2  rtx_evr.o [2]
  .text                 ro code       0x1740     0x2  rtx_evr.o [2]
  .text                 ro code       0x1742     0x2  rtx_evr.o [2]
  .text                 ro code       0x1744     0x2  rtx_evr.o [2]
  .text                 ro code       0x1746     0x2  rtx_evr.o [2]
  .text                 ro code       0x1748     0x2  rtx_evr.o [2]
  .text                 ro code       0x174a     0x2  rtx_evr.o [2]
  .text                 ro code       0x174c     0x2  rtx_evr.o [2]
  .text                 ro code       0x174e     0x2  rtx_evr.o [2]
  .text                 ro code       0x1750    0x5e  ABImemset.o [6]
  .text                 ro code       0x17b0   0x4f8  sysctl.o [4]
  .text                 ro code       0x1ca8   0x2f0  main.o [1]
  .text                 ro code       0x1f98   0x204  timer.o [4]
  .text                 ro code       0x219c   0x252  uartstdio.o [1]
  .text                 ro code       0x23f0    0x58  rtx_delay.o [2]
  .text                 ro code       0x2448   0x274  gpio.o [4]
  .text                 ro code       0x26bc    0x3c  system_tm4c1294.o [1]
  .text                 ro code       0x26f8    0xb8  uart.o [4]
  .text                 ro code       0x27b0    0xd8  driverleds.o [1]
  .text                 ro code       0x2888   0x2c4  rtx_kernel.o [2]
  .text                 ro code       0x2b4c    0xac  interrupt.o [4]
  .text                 ro code       0x2bf8     0x2  rtx_evr.o [2]
  .text                 ro code       0x2bfa     0x2  rtx_evr.o [2]
  .text                 ro code       0x2bfc    0x44  rtx_memory.o [2]
  .text                 ro code       0x2c40     0x2  rtx_evr.o [2]
  .text                 ro code       0x2c42     0x2  rtx_evr.o [2]
  .text                 ro code       0x2c44    0x40  os_systick.o [2]
  .text                 ro code       0x2c84     0x6  os_systick.o [2]
  .text                 ro code       0x2c8c    0x2c  os_systick.o [2]
  .text                 ro code       0x2cb8     0x2  rtx_evr.o [2]
  .text                 ro code       0x2cba     0x2  rtx_lib.o [1]
  .text                 ro code       0x2cbc     0x2  rtx_evr.o [2]
  .text                 ro code       0x2cbe     0x2  rtx_evr.o [2]
  .text                 ro code       0x2cc0     0x2  rtx_evr.o [2]
  .text                 ro code       0x2cc4    0xdc  rtx_timer.o [2]
  .text                 ro code       0x2da0     0x2  rtx_evr.o [2]
  .text                 ro code       0x2da4    0xc4  irq_cm4f.o [2]
  .rodata               const         0x2e68    0x68  rtx_lib.o [1]
  .text                 ro code       0x2ed0    0x38  packbits_init_single.o [6]
  .text                 ro code       0x2f08    0x28  data_init.o [6]
  .rodata               const         0x2f30    0x24  rtx_lib.o [1]
  .rodata               const         0x2f54    0x24  rtx_lib.o [1]
  .text                 ro code       0x2f78    0x22  fpinit_M.o [5]
  .iar.init_table       const         0x2f9c    0x20  - Linker created -
  .text                 ro code       0x2fbc    0x1e  cmain.o [6]
  .text                 ro code       0x2fda     0x4  low_level_init.o [3]
  .text                 ro code       0x2fde     0x4  exit.o [3]
  .text                 ro code       0x2fe4     0xa  cexit.o [6]
  .text                 ro code       0x2ff0    0x14  exit.o [7]
  .rodata               const         0x3004    0x18  rtx_lib.o [1]
  .rodata               const         0x301c    0x14  uartstdio.o [1]
  .text                 ro code       0x3030    0x10  startup_tm4c1294.o [1]
  .rodata               const         0x3040     0xc  uartstdio.o [1]
  .rodata               const         0x304c     0xc  uartstdio.o [1]
  .text                 ro code       0x3058     0xc  cstartup_M.o [6]
  .rodata               const         0x3064     0x8  main.o [1]
  .rodata               const         0x306c     0x8  main.o [1]
  .rodata               const         0x3074     0x8  uartstdio.o [1]
  .rodata               const         0x307c     0x4  rtx_lib.o [1]
  .rodata               const         0x3080     0x4  uartstdio.o [1]
  .text                 ro code       0x3084     0x4  startup_tm4c1294.o [1]
  .text                 ro code       0x3088     0x4  startup_tm4c1294.o [1]
  .text                 ro code       0x308c     0x4  startup_tm4c1294.o [1]
  .text                 ro code       0x3090     0x4  startup_tm4c1294.o [1]
  .text                 ro code       0x3094     0x4  startup_tm4c1294.o [1]
  .text                 ro code       0x3098     0x4  startup_tm4c1294.o [1]
  .text                 ro code       0x309c     0x4  startup_tm4c1294.o [1]
  .rodata               const         0x30a0     0x0  zero_init3.o [6]
  .rodata               const         0x30a0     0x0  packbits_init_single.o [6]
  Initializer bytes     const         0x30a0     0xd  <for P2-1>
                                    - 0x30ad  0x2e41

"P2", part 1 of 3:                              0xa4
  P2-1                           0x2000'0000    0xa4  <Init block>
    .data.os            inited   0x2000'0000    0xa4  rtx_kernel.o [2]
                               - 0x2000'00a4    0xa4

"P2", part 2 of 3:                            0x136c
  .bss.os               zero     0x2000'00a8  0x1000  rtx_lib.o [1]
  .bss.os.thread.stack  zero     0x2000'10a8   0x100  rtx_lib.o [1]
  .bss.os.thread.stack  zero     0x2000'11a8   0x100  rtx_lib.o [1]
  .bss.os.msgqueue.mem  zero     0x2000'12a8    0x50  rtx_lib.o [1]
  .bss.os.thread.cb     zero     0x2000'12f8    0x44  rtx_lib.o [1]
  .bss.os.thread.cb     zero     0x2000'133c    0x44  rtx_lib.o [1]
  .bss.os               zero     0x2000'1380    0x40  rtx_lib.o [1]
  .bss.os.msgqueue.cb   zero     0x2000'13c0    0x34  rtx_lib.o [1]
  .bss                  zero     0x2000'13f4     0x4  main.o [1]
  .bss                  zero     0x2000'13f8     0x4  main.o [1]
  .bss                  zero     0x2000'13fc     0x4  main.o [1]
  .bss                  zero     0x2000'1400     0x4  main.o [1]
  .bss                  zero     0x2000'1404     0x4  system_tm4c1294.o [1]
  .bss                  zero     0x2000'1408     0x4  uartstdio.o [1]
  .bss                  zero     0x2000'140c     0x1  os_systick.o [2]
                               - 0x2000'140d  0x1369

"P2", part 3 of 3:                            0x8270
  VTABLE                uninit   0x2000'1800   0x26c  interrupt.o [4]
  CSTACK                         0x2000'1a70  0x8000  <Block>
    CSTACK              uninit   0x2000'1a70  0x8000  <Block tail>
                               - 0x2000'9a70  0x8270

Unused ranges:

         From           To      Size
         ----           --      ----
       0x30ad     0xf'ffff  0xf'cf53
  0x2000'1410  0x2000'17ff     0x3f0
  0x2000'9a70  0x2003'ffff  0x3'6590


*******************************************************************************
*** INIT TABLE
***

          Address      Size
          -------      ----
Zero (__iar_zero_init3)
    1 destination range, total size 0x1365:
          0x2000'00a8  0x1365

Copy/packbits (__iar_packbits_init_single3)
    1 source range, total size 0xd (7% of destination):
               0x30a0     0xd
    1 destination range, total size 0xa4:
          0x2000'0000    0xa4



*******************************************************************************
*** MODULE SUMMARY
***

    Module                  ro code  ro data  rw data
    ------                  -------  -------  -------
command line/config:
    -------------------------------------------------
    Total:

C:\Users\lucastsuchiya\Google Drive\NotebookAsus\Embarcados\Laboratorio3\Laboratório3\tarefas\ewarm\Obj: [1]
    RTX_Config.o                 34
    driverleds.o                216
    main.o                      752       16       16
    rtx_lib.o                     2      204    4 940
    startup_tm4c1294.o          664
    system_tm4c1294.o            60                 4
    uartstdio.o                 594       56        4
    -------------------------------------------------
    Total:                    2 322      276    4 964

RTX_CM4F.a: [2]
    irq_cm4f.o                  196
    os_systick.o                126                 1
    rtx_delay.o                  88
    rtx_evr.o                   104
    rtx_kernel.o                708       13      164
    rtx_memory.o                274
    rtx_mempool.o               230
    rtx_msgqueue.o            1 580
    rtx_mutex.o                  76
    rtx_system.o                372
    rtx_thread.o              2 464
    rtx_timer.o                 220
    -------------------------------------------------
    Total:                    6 438       13      165

dl7M_tln.a: [3]
    exit.o                        4
    low_level_init.o              4
    -------------------------------------------------
    Total:                        8

driverlib.a: [4]
    gpio.o                      628
    interrupt.o                 172               620
    sysctl.o                  1 272
    timer.o                     516
    uart.o                      184
    -------------------------------------------------
    Total:                    2 772               620

m7M_tls.a: [5]
    fpinit_M.o                   34
    -------------------------------------------------
    Total:                       34

rt7M_tl.a: [6]
    ABImemclr.o                   6
    ABImemclr4.o                  6
    ABImemcpy.o                 166
    ABImemset.o                  94
    ABImemset48.o                50
    cexit.o                      10
    cmain.o                      30
    cstartup_M.o                 12
    data_init.o                  40
    packbits_init_single.o       56
    zero_init3.o                 58
    -------------------------------------------------
    Total:                      528

shb_l.a: [7]
    exit.o                       20
    -------------------------------------------------
    Total:                       20

    Gaps                         16        2        4
    Linker created                        32   32 768
-----------------------------------------------------
    Grand Total:             12 138      323   38 521


*******************************************************************************
*** ENTRY LIST
***

Entry                       Address    Size  Type      Object
-----                       -------    ----  ----      ------
.iar.init_table$$Base        0x2f9c           --   Gb  - Linker created -
.iar.init_table$$Limit       0x2fbc           --   Gb  - Linker created -
?main                        0x2fbd          Code  Gb  cmain.o [6]
CSTACK$$Base            0x2000'1a70           --   Gb  - Linker created -
CSTACK$$Limit           0x2000'9a70           --   Gb  - Linker created -
EvrRtxEventFlagsWaitTimeout
                              0xc11     0x2  Code  Wk  rtx_evr.o [2]
EvrRtxKernelError            0x2bfb     0x2  Code  Wk  rtx_evr.o [2]
EvrRtxKernelGetState         0x2c43     0x2  Code  Wk  rtx_evr.o [2]
EvrRtxKernelInitialize       0x2cbd     0x2  Code  Wk  rtx_evr.o [2]
EvrRtxKernelInitialized
                             0x2c41     0x2  Code  Wk  rtx_evr.o [2]
EvrRtxKernelStart            0x2cbf     0x2  Code  Wk  rtx_evr.o [2]
EvrRtxKernelStarted          0x2cb9     0x2  Code  Wk  rtx_evr.o [2]
EvrRtxMemoryAlloc            0x1019     0x2  Code  Wk  rtx_evr.o [2]
EvrRtxMemoryBlockAlloc       0x1015     0x2  Code  Wk  rtx_evr.o [2]
EvrRtxMemoryBlockFree        0x1017     0x2  Code  Wk  rtx_evr.o [2]
EvrRtxMemoryBlockInit        0x1013     0x2  Code  Wk  rtx_evr.o [2]
EvrRtxMemoryFree             0x104f     0x2  Code  Wk  rtx_evr.o [2]
EvrRtxMemoryInit             0x2cc1     0x2  Code  Wk  rtx_evr.o [2]
EvrRtxMemoryPoolAllocTimeout
                              0xc17     0x2  Code  Wk  rtx_evr.o [2]
EvrRtxMessageQueueCreated
                             0x173f     0x2  Code  Wk  rtx_evr.o [2]
EvrRtxMessageQueueError
                             0x1737     0x2  Code  Wk  rtx_evr.o [2]
EvrRtxMessageQueueGet        0x174f     0x2  Code  Wk  rtx_evr.o [2]
EvrRtxMessageQueueGetPending
                             0x1745     0x2  Code  Wk  rtx_evr.o [2]
EvrRtxMessageQueueGetTimeout
                              0xc19     0x2  Code  Wk  rtx_evr.o [2]
EvrRtxMessageQueueInsertPending
                             0x174d     0x2  Code  Wk  rtx_evr.o [2]
EvrRtxMessageQueueInserted
                             0x1733     0x2  Code  Wk  rtx_evr.o [2]
EvrRtxMessageQueueNew        0x1749     0x2  Code  Wk  rtx_evr.o [2]
EvrRtxMessageQueueNotInserted
                             0x1743     0x2  Code  Wk  rtx_evr.o [2]
EvrRtxMessageQueueNotRetrieved
                             0x1747     0x2  Code  Wk  rtx_evr.o [2]
EvrRtxMessageQueuePut        0x174b     0x2  Code  Wk  rtx_evr.o [2]
EvrRtxMessageQueuePutPending
                             0x1741     0x2  Code  Wk  rtx_evr.o [2]
EvrRtxMessageQueuePutTimeout
                              0xc1b     0x2  Code  Wk  rtx_evr.o [2]
EvrRtxMessageQueueRetrieved
                             0x1735     0x2  Code  Wk  rtx_evr.o [2]
EvrRtxMutexAcquireTimeout
                              0xc13     0x2  Code  Wk  rtx_evr.o [2]
EvrRtxMutexAcquired          0x1053     0x2  Code  Wk  rtx_evr.o [2]
EvrRtxMutexReleased          0x1051     0x2  Code  Wk  rtx_evr.o [2]
EvrRtxSemaphoreAcquireTimeout
                              0xc15     0x2  Code  Wk  rtx_evr.o [2]
EvrRtxThreadBlocked           0xc23     0x2  Code  Wk  rtx_evr.o [2]
EvrRtxThreadCreated           0xdd3     0x2  Code  Wk  rtx_evr.o [2]
EvrRtxThreadDelay            0x2bf9     0x2  Code  Wk  rtx_evr.o [2]
EvrRtxThreadDelayCompleted
                              0xc0d     0x2  Code  Wk  rtx_evr.o [2]
EvrRtxThreadDestroyed         0xe6f     0x2  Code  Wk  rtx_evr.o [2]
EvrRtxThreadError             0xd47     0x2  Code  Wk  rtx_evr.o [2]
EvrRtxThreadExit              0xe79     0x2  Code  Wk  rtx_evr.o [2]
EvrRtxThreadFlagsSet          0xe7b     0x2  Code  Wk  rtx_evr.o [2]
EvrRtxThreadFlagsSetDone
                              0xe71     0x2  Code  Wk  rtx_evr.o [2]
EvrRtxThreadFlagsWait         0xff1     0x2  Code  Wk  rtx_evr.o [2]
EvrRtxThreadFlagsWaitCompleted
                              0xc25     0x2  Code  Wk  rtx_evr.o [2]
EvrRtxThreadFlagsWaitNotCompleted
                              0xe75     0x2  Code  Wk  rtx_evr.o [2]
EvrRtxThreadFlagsWaitPending
                              0xe73     0x2  Code  Wk  rtx_evr.o [2]
EvrRtxThreadFlagsWaitTimeout
                              0xc0f     0x2  Code  Wk  rtx_evr.o [2]
EvrRtxThreadJoined            0xe6d     0x2  Code  Wk  rtx_evr.o [2]
EvrRtxThreadNew               0xe77     0x2  Code  Wk  rtx_evr.o [2]
EvrRtxThreadPreempted         0xc1f     0x2  Code  Wk  rtx_evr.o [2]
EvrRtxThreadSwitched          0xc21     0x2  Code  Wk  rtx_evr.o [2]
EvrRtxThreadUnblocked         0xc1d     0x2  Code  Wk  rtx_evr.o [2]
EvrRtxTimerCallback          0x2da1     0x2  Code  Wk  rtx_evr.o [2]
GPIODirModeSet               0x2449    0x28  Code  Gb  gpio.o [4]
GPIOPadConfigSet             0x2471   0x102  Code  Gb  gpio.o [4]
GPIOPinConfigure             0x25f1    0x36  Code  Gb  gpio.o [4]
GPIOPinRead                  0x2573     0x8  Code  Gb  gpio.o [4]
GPIOPinTypeGPIOInput         0x2587    0x14  Code  Gb  gpio.o [4]
GPIOPinTypeGPIOOutput        0x259b     0xa  Code  Gb  gpio.o [4]
GPIOPinTypeTimer             0x25bf    0x14  Code  Gb  gpio.o [4]
GPIOPinTypeUART              0x25d3    0x14  Code  Gb  gpio.o [4]
GPIOPinWrite                 0x257b     0x8  Code  Gb  gpio.o [4]
IntEnable                    0x2b75    0x46  Code  Gb  interrupt.o [4]
IntRegister                  0x2b4d    0x28  Code  Gb  interrupt.o [4]
LEDInit                      0x27b1    0xc6  Code  Gb  driverleds.o [1]
MessageQueueGet              0x10ad    0x40  Code  Lc  rtx_msgqueue.o [2]
MessageQueuePut              0x1061    0x4a  Code  Lc  rtx_msgqueue.o [2]
MessageQueueRemove           0x10ed    0x1a  Code  Lc  rtx_msgqueue.o [2]
OS_Tick_AcknowledgeIRQ       0x1055     0xc  Code  Wk  os_systick.o [2]
OS_Tick_Enable               0x2c8d    0x2c  Code  Wk  os_systick.o [2]
OS_Tick_GetIRQn              0x2c85     0x6  Code  Wk  os_systick.o [2]
OS_Tick_Setup                0x2c45    0x40  Code  Wk  os_systick.o [2]
PendST                  0x2000'140c     0x1  Data  Lc  os_systick.o [2]
PendSV_Handler               0x2e3d          Code  Gb  irq_cm4f.o [2]
Region$$Table$$Base          0x2f9c           --   Gb  - Linker created -
Region$$Table$$Limit         0x2fbc           --   Gb  - Linker created -
SVC_Handler                  0x2da5          Code  Gb  irq_cm4f.o [2]
SysCtlClockFreqSet           0x181b   0x20a  Code  Gb  sysctl.o [4]
SysCtlPeripheralEnable       0x17fd     0x8  Code  Gb  sysctl.o [4]
SysCtlPeripheralPresent
                             0x17d1     0xa  Code  Gb  sysctl.o [4]
SysCtlPeripheralReady        0x17db     0x8  Code  Gb  sysctl.o [4]
SysTick_Handler              0x2e4d          Code  Gb  irq_cm4f.o [2]
SystemCoreClock         0x2000'1404     0x4  Data  Gb  system_tm4c1294.o [1]
SystemInit                   0x26bd    0x20  Code  Gb  system_tm4c1294.o [1]
ThreadFlagsCheck              0x26d    0x6c  Code  Lc  rtx_thread.o [2]
TimerConfigure               0x1feb    0x54  Code  Gb  timer.o [4]
TimerControlEvent            0x2051    0x16  Code  Gb  timer.o [4]
TimerEnable                  0x1fdb    0x10  Code  Gb  timer.o [4]
TimerInsert                  0x2cc5    0x38  Code  Lc  rtx_timer.o [2]
TimerIntClear                0x20c7     0x6  Code  Gb  timer.o [4]
TimerIntDisable              0x20bb     0xc  Code  Gb  timer.o [4]
TimerIntEnable               0x20b1     0xa  Code  Gb  timer.o [4]
TimerIntRegister             0x2097    0x1a  Code  Gb  timer.o [4]
TimerLoadSet                 0x207f    0x18  Code  Gb  timer.o [4]
TimerPrescaleSet             0x2067    0x18  Code  Gb  timer.o [4]
TimerUpdateMode              0x20cd    0x2e  Code  Gb  timer.o [4]
UARTCharPut                  0x2799    0x10  Code  Gb  uart.o [4]
UARTClockSourceSet           0x27a9     0x8  Code  Gb  uart.o [4]
UARTConfigSetExpClk          0x26f9    0x5c  Code  Gb  uart.o [4]
UARTDisable                  0x276f    0x22  Code  Gb  uart.o [4]
UARTEnable                   0x2755    0x1a  Code  Gb  uart.o [4]
UARTStdioConfig              0x219d    0x48  Code  Gb  uartstdio.o [1]
UARTprintf                   0x23e1     0xe  Code  Gb  uartstdio.o [1]
UARTvprintf                  0x2213   0x1b6  Code  Gb  uartstdio.o [1]
UARTwrite                    0x21e5    0x2e  Code  Gb  uartstdio.o [1]
_SysCtlMemTimingGet          0x17b1    0x20  Code  Lc  sysctl.o [4]
_TimerIntNumberGet           0x1f99    0x42  Code  Lc  timer.o [4]
__Vectors                       0x0           --   Gb  startup_tm4c1294.o [1]
__Vectors_End                 0x26c          Data  Gb  startup_tm4c1294.o [1]
__Vectors_Size {Abs}          0x26c           --   Gb  startup_tm4c1294.o [1]
__aeabi_memclr               0x1739          Code  Gb  ABImemclr.o [6]
__aeabi_memclr4               0xdcd          Code  Gb  ABImemclr4.o [6]
__aeabi_memcpy               0x168d          Code  Gb  ABImemcpy.o [6]
__aeabi_memcpy4              0x16ad          Code  Gb  ABImemcpy.o [6]
__aeabi_memcpy8              0x16ad          Code  Gb  ABImemcpy.o [6]
__cmain                      0x2fbd          Code  Gb  cmain.o [6]
__exit                       0x2ff1    0x14  Code  Gb  exit.o [7]
__iar_Memset4_word           0x101d          Code  Gb  ABImemset48.o [6]
__iar_Memset8_word           0x101d          Code  Gb  ABImemset48.o [6]
__iar_Memset_word            0x1751          Code  Gb  ABImemset.o [6]
__iar_data_init3             0x2f09    0x28  Code  Gb  data_init.o [6]
__iar_init_vfp               0x2f79          Code  Gb  fpinit_M.o [5]
__iar_packbits_init_single3
                             0x2ed1    0x38  Code  Gb  packbits_init_single.o [6]
__iar_program_start          0x3059          Code  Gb  cstartup_M.o [6]
__iar_zero_init3              0xc27    0x3a  Code  Gb  zero_init3.o [6]
__low_level_init             0x2fdb     0x4  Code  Gb  low_level_init.o [3]
__vector_table                  0x0          Data  Gb  startup_tm4c1294.o [1]
__vector_table_0x1c            0x1c          Data  Gb  startup_tm4c1294.o [1]
_call_main                   0x2fc9          Code  Gb  cmain.o [6]
_exit                        0x2fe5          Code  Gb  cexit.o [6]
_main                        0x2fd7          Code  Gb  cmain.o [6]
exit                         0x2fdf     0x4  Code  Gb  exit.o [3]
g_pcHex                      0x3080     0x4  Data  Lc  uartstdio.o [1]
g_pfnRAMVectors         0x2000'1800   0x26c  Data  Lc  interrupt.o [4]
g_pppui32XTALtoVCO           0x1ac0   0x1b0  Data  Lc  sysctl.o [4]
g_ppui32TimerIntMap          0x20fc    0x60  Data  Lc  timer.o [4]
g_ppui32TimerIntMapSnowflake
                             0x215c    0x40  Data  Lc  timer.o [4]
g_pui32EnRegs                0x2be4    0x14  Data  Lc  interrupt.o [4]
g_pui32GPIOBaseAddrs         0x262c    0x90  Data  Lc  gpio.o [4]
g_pui32VCOFrequencies        0x1ca0     0x8  Data  Lc  sysctl.o [4]
g_pui32Xtals                 0x1a54    0x6c  Data  Lc  sysctl.o [4]
g_sXTALtoMEMTIM              0x1c70    0x30  Data  Lc  sysctl.o [4]
g_ui32Base              0x2000'1408     0x4  Data  Lc  uartstdio.o [1]
g_ui32UARTBase               0x3040     0xc  Data  Lc  uartstdio.o [1]
g_ui32UARTPeriph             0x304c     0xc  Data  Lc  uartstdio.o [1]
main                         0x1d8b   0x192  Code  Gb  main.o [1]
osDelay                      0x2409    0x3a  Code  Gb  rtx_delay.o [2]
osKernelGetState             0x2ab1    0x40  Code  Gb  rtx_kernel.o [2]
osKernelInitialize           0x2a79    0x38  Code  Gb  rtx_kernel.o [2]
osKernelStart                0x2af1    0x34  Code  Gb  rtx_kernel.o [2]
osMessageQueueGet            0x15e9    0x90  Code  Gb  rtx_msgqueue.o [2]
osMessageQueueNew            0x1511    0x3e  Code  Gb  rtx_msgqueue.o [2]
osMessageQueuePut            0x1551    0x98  Code  Gb  rtx_msgqueue.o [2]
osRtxConfig                  0x2e68    0x68  Data  Gb  rtx_lib.o [1]
osRtxErrorNotify              0xff3    0x20  Code  Wk  RTX_Config.o [1]
osRtxIdleThread               0xdcb     0x2  Code  Wk  RTX_Config.o [1]
osRtxInfo               0x2000'0000    0xa4  Data  Gb  rtx_kernel.o [2]
osRtxKernelPreInit           0x2cbb     0x2  Code  Gb  rtx_lib.o [1]
osRtxMemoryAlloc              0xd49    0x82  Code  Wk  rtx_memory.o [2]
osRtxMemoryFree               0xdd5    0x4c  Code  Wk  rtx_memory.o [2]
osRtxMemoryInit              0x2bfd    0x44  Code  Wk  rtx_memory.o [2]
osRtxMemoryPoolAlloc          0xcad    0x44  Code  Gb  rtx_mempool.o [2]
osRtxMemoryPoolFree           0xcf1    0x56  Code  Gb  rtx_mempool.o [2]
osRtxMemoryPoolInit           0xc61    0x4a  Code  Gb  rtx_mempool.o [2]
osRtxMessageQueuePostProcess
                             0x1107    0xee  Code  Lc  rtx_msgqueue.o [2]
osRtxMutexOwnerRelease        0xe21    0x4c  Code  Gb  rtx_mutex.o [2]
osRtxPendSV_Handler           0xeed    0x8a  Code  Gb  rtx_system.o [2]
osRtxPostProcess              0xf79    0x6e  Code  Gb  rtx_system.o [2]
osRtxThreadBlock              0x50d    0x34  Code  Lc  rtx_thread.o [2]
osRtxThreadDelayInsert        0x331    0x66  Code  Lc  rtx_thread.o [2]
osRtxThreadDelayRemove        0x397    0x60  Code  Lc  rtx_thread.o [2]
osRtxThreadDelayTick          0x3f7   0x102  Code  Gb  rtx_thread.o [2]
osRtxThreadDispatch           0x55d    0x5c  Code  Gb  rtx_thread.o [2]
osRtxThreadFree               0x84d    0x56  Code  Lc  rtx_thread.o [2]
osRtxThreadListGet            0x2fd    0x16  Code  Gb  rtx_thread.o [2]
osRtxThreadListPut            0x2d9    0x24  Code  Gb  rtx_thread.o [2]
osRtxThreadListRemove         0x313    0x16  Code  Gb  rtx_thread.o [2]
osRtxThreadPostProcess        0x62f    0x50  Code  Lc  rtx_thread.o [2]
osRtxThreadReadyPut           0x329     0x8  Code  Gb  rtx_thread.o [2]
osRtxThreadRegPtr             0x4f9    0x14  Code  Gb  rtx_thread.o [2]
osRtxThreadStartup            0xa61    0x3e  Code  Gb  rtx_thread.o [2]
osRtxThreadSwitch             0x541    0x1c  Code  Gb  rtx_thread.o [2]
osRtxThreadWaitEnter          0x5f3    0x3c  Code  Gb  rtx_thread.o [2]
osRtxThreadWaitExit           0x5bf    0x2e  Code  Gb  rtx_thread.o [2]
osRtxTick_Handler             0xe7d    0x6e  Code  Gb  rtx_system.o [2]
osRtxTimerThread             0x2d55    0x4c  Code  Wk  rtx_timer.o [2]
osRtxTimerTick               0x2cfd    0x54  Code  Lc  rtx_timer.o [2]
osRtxUserSVC                 0x307c     0x4  Data  Wk  rtx_lib.o [1]
osThreadExit                  0xae5    0x16  Code  Gb  rtx_thread.o [2]
osThreadFlagsSet              0xb09    0x7a  Code  Gb  rtx_thread.o [2]
osThreadFlagsWait             0xb89    0x42  Code  Gb  rtx_thread.o [2]
osThreadNew                   0xaa1    0x40  Code  Gb  rtx_thread.o [2]
os_idle_thread_attr          0x2f30    0x24  Data  Lc  rtx_lib.o [1]
os_idle_thread_cb       0x2000'12f8    0x44  Data  Lc  rtx_lib.o [1]
os_idle_thread_stack    0x2000'10a8   0x100  Data  Lc  rtx_lib.o [1]
os_isr_queue            0x2000'1380    0x40  Data  Lc  rtx_lib.o [1]
os_mem                  0x2000'00a8  0x1000  Data  Lc  rtx_lib.o [1]
os_timer_mq_attr             0x3004    0x18  Data  Lc  rtx_lib.o [1]
os_timer_mq_cb          0x2000'13c0    0x34  Data  Lc  rtx_lib.o [1]
os_timer_mq_data        0x2000'12a8    0x50  Data  Lc  rtx_lib.o [1]
os_timer_thread_attr         0x2f54    0x24  Data  Lc  rtx_lib.o [1]
os_timer_thread_cb      0x2000'133c    0x44  Data  Lc  rtx_lib.o [1]
os_timer_thread_stack   0x2000'11a8   0x100  Data  Lc  rtx_lib.o [1]
svcRtxDelay                  0x23f1    0x16  Code  Lc  rtx_delay.o [2]
svcRtxKernelGetState         0x29cf    0x12  Code  Lc  rtx_kernel.o [2]
svcRtxKernelInitialize       0x2889   0x146  Code  Lc  rtx_kernel.o [2]
svcRtxKernelStart            0x29e1    0x98  Code  Lc  rtx_kernel.o [2]
svcRtxMessageQueueGet        0x13f9    0xee  Code  Lc  rtx_msgqueue.o [2]
svcRtxMessageQueueNew        0x11f5   0x130  Code  Lc  rtx_msgqueue.o [2]
svcRtxMessageQueuePut        0x1325    0xd4  Code  Lc  rtx_msgqueue.o [2]
svcRtxThreadExit              0x8a3    0x96  Code  Lc  rtx_thread.o [2]
svcRtxThreadFlagsSet          0x939    0x94  Code  Lc  rtx_thread.o [2]
svcRtxThreadFlagsWait         0x9d9    0x88  Code  Lc  rtx_thread.o [2]
svcRtxThreadNew               0x67f   0x1c8  Code  Lc  rtx_thread.o [2]
thread_botao                 0x1d39    0x52  Code  Gb  main.o [1]
thread_botao::debounce  0x2000'1400     0x4  Data  Lc  main.o [1]
thread_botao_id         0x2000'13fc     0x4  Data  Gb  main.o [1]
thread_calcFreq              0x1cbf    0x50  Code  Gb  main.o [1]
thread_calcFreq_id      0x2000'13f4     0x4  Data  Gb  main.o [1]
thread_uart                  0x1d0f    0x2a  Code  Gb  main.o [1]
thread_uart_id          0x2000'13f8     0x4  Data  Gb  main.o [1]
timerInterrupHandler         0x1ca9    0x16  Code  Gb  main.o [1]


[1] = C:\Users\lucastsuchiya\Google Drive\NotebookAsus\Embarcados\Laboratorio3\Laboratório3\tarefas\ewarm\Obj
[2] = RTX_CM4F.a
[3] = dl7M_tln.a
[4] = driverlib.a
[5] = m7M_tls.a
[6] = rt7M_tl.a
[7] = shb_l.a

  12 138 bytes of readonly  code memory
     323 bytes of readonly  data memory
  38 521 bytes of readwrite data memory

Errors: none
Warnings: none
