###############################################################################
#
# IAR ELF Linker V8.32.3.193/W32 for ARM                  21/Jun/2019  20:39:46
# Copyright 2007-2019 IAR Systems AB.
#
#    Output file  =  
#        C:\Users\Lucas Tsuchiya\Google
#        Drive\NotebookAsus\Embarcados\Tiva_RTOS2_IAR8
#        Atualizado\Tiva_RTOS2_IAR8 Atuallizado\prodcons\ewarm\Exe\prodcons.out
#    Map file     =  
#        C:\Users\Lucas Tsuchiya\Google
#        Drive\NotebookAsus\Embarcados\Tiva_RTOS2_IAR8
#        Atualizado\Tiva_RTOS2_IAR8
#        Atuallizado\prodcons\ewarm\List\prodcons.map
#    Command line =  
#        -f C:\Users\LUCAST~1\AppData\Local\Temp\EWF6.tmp ("C:\Users\Lucas
#        Tsuchiya\Google Drive\NotebookAsus\Embarcados\Tiva_RTOS2_IAR8
#        Atualizado\Tiva_RTOS2_IAR8
#        Atuallizado\prodcons\ewarm\Obj\driverleds.o" "C:\Users\Lucas
#        Tsuchiya\Google Drive\NotebookAsus\Embarcados\Tiva_RTOS2_IAR8
#        Atualizado\Tiva_RTOS2_IAR8
#        Atuallizado\driverlib\ewarm\Exe\driverlib.a" "C:\Users\Lucas
#        Tsuchiya\Google Drive\NotebookAsus\Embarcados\Tiva_RTOS2_IAR8
#        Atualizado\Tiva_RTOS2_IAR8 Atuallizado\prodcons\ewarm\Obj\main.o"
#        "C:\Users\Lucas Tsuchiya\Google
#        Drive\NotebookAsus\Embarcados\Tiva_RTOS2_IAR8
#        Atualizado\Tiva_RTOS2_IAR8
#        Atuallizado\CMSIS\RTOS2\RTX\Library\IAR\RTX_CM4F.a" "C:\Users\Lucas
#        Tsuchiya\Google Drive\NotebookAsus\Embarcados\Tiva_RTOS2_IAR8
#        Atualizado\Tiva_RTOS2_IAR8
#        Atuallizado\prodcons\ewarm\Obj\RTX_Config.o" "C:\Users\Lucas
#        Tsuchiya\Google Drive\NotebookAsus\Embarcados\Tiva_RTOS2_IAR8
#        Atualizado\Tiva_RTOS2_IAR8 Atuallizado\prodcons\ewarm\Obj\rtx_lib.o"
#        "C:\Users\Lucas Tsuchiya\Google
#        Drive\NotebookAsus\Embarcados\Tiva_RTOS2_IAR8
#        Atualizado\Tiva_RTOS2_IAR8
#        Atuallizado\prodcons\ewarm\Obj\startup_tm4c1294.o" "C:\Users\Lucas
#        Tsuchiya\Google Drive\NotebookAsus\Embarcados\Tiva_RTOS2_IAR8
#        Atualizado\Tiva_RTOS2_IAR8
#        Atuallizado\prodcons\ewarm\Obj\system_tm4c1294.o" --no_out_extension
#        -o "C:\Users\Lucas Tsuchiya\Google
#        Drive\NotebookAsus\Embarcados\Tiva_RTOS2_IAR8
#        Atualizado\Tiva_RTOS2_IAR8
#        Atuallizado\prodcons\ewarm\Exe\prodcons.out" --map "C:\Users\Lucas
#        Tsuchiya\Google Drive\NotebookAsus\Embarcados\Tiva_RTOS2_IAR8
#        Atualizado\Tiva_RTOS2_IAR8
#        Atuallizado\prodcons\ewarm\List\prodcons.map" --config "C:\Program
#        Files (x86)\IAR Systems\Embedded Workbench
#        8.2\arm\config\linker\TexasInstruments\TM4C1294NC.icf" --semihosting
#        --entry __iar_program_start --vfe --text_out locale)
#
###############################################################################

*******************************************************************************
*** RUNTIME MODEL ATTRIBUTES
***

CppFlavor       = *
__SystemLibrary = DLib
__dlib_version  = 6


*******************************************************************************
*** HEAP SELECTION
***

The basic heap was selected because some modules are built with
size limitations (and not runtime checking), and --advanced_heap
was not specified.


*******************************************************************************
*** PLACEMENT SUMMARY
***

"A0":  place at 0x0 { ro section .intvec };
"P1":  place in [from 0x0 to 0xf'ffff] { ro };
define block CSTACK with size = 32K, alignment = 8 { };
define block HEAP with size = 64K, alignment = 8 { };
"P2":  place in [from 0x2000'0000 to 0x2003'ffff] {
          rw, block CSTACK, block HEAP };
initialize by copy { rw };

  Section               Kind         Address    Size  Object
  -------               ----         -------    ----  ------
"A0":                                          0x26c
  .intvec               ro code          0x0   0x26c  startup_tm4c1294.o [1]
                                     - 0x26c   0x26c

"P1":                                         0x2659
  .text                 ro code        0x26c   0x7b4  rtx_thread.o [2]
  .text                 ro code        0xa20     0x2  rtx_evr.o [2]
  .text                 ro code        0xa22     0x2  rtx_evr.o [2]
  .text                 ro code        0xa24     0x2  rtx_evr.o [2]
  .text                 ro code        0xa26     0x2  rtx_evr.o [2]
  .text                 ro code        0xa28     0x2  rtx_evr.o [2]
  .text                 ro code        0xa2a     0x2  rtx_evr.o [2]
  .text                 ro code        0xa2c     0x2  rtx_evr.o [2]
  .text                 ro code        0xa2e     0x2  rtx_evr.o [2]
  .text                 ro code        0xa30     0x2  rtx_evr.o [2]
  .text                 ro code        0xa32     0x2  rtx_evr.o [2]
  .text                 ro code        0xa34     0x2  rtx_evr.o [2]
  .text                 ro code        0xa36     0x2  rtx_evr.o [2]
  .text                 ro code        0xa38     0x2  rtx_evr.o [2]
  .text                 ro code        0xa3a    0x3a  zero_init3.o [6]
  .text                 ro code        0xa74    0xe6  rtx_mempool.o [2]
  .text                 ro code        0xb5a     0x2  rtx_evr.o [2]
  .text                 ro code        0xb5c    0x82  rtx_memory.o [2]
  .text                 ro code        0xbde     0x2  RTX_Config.o [1]
  .text                 ro code        0xbe0     0x6  ABImemclr4.o [6]
  .text                 ro code        0xbe6     0x2  rtx_evr.o [2]
  .text                 ro code        0xbe8    0x4c  rtx_memory.o [2]
  .text                 ro code        0xc34    0x4c  rtx_mutex.o [2]
  .text                 ro code        0xc80     0x2  rtx_evr.o [2]
  .text                 ro code        0xc82     0x2  rtx_evr.o [2]
  .text                 ro code        0xc84     0x2  rtx_evr.o [2]
  .text                 ro code        0xc86     0x2  rtx_evr.o [2]
  .text                 ro code        0xc88     0x2  RTX_Config.o [1]
  .text                 ro code        0xc8a     0x2  rtx_evr.o [2]
  .text                 ro code        0xc8c     0x2  rtx_evr.o [2]
  .text                 ro code        0xc8e     0x2  rtx_evr.o [2]
  .text                 ro code        0xc90     0x2  rtx_evr.o [2]
  .text                 ro code        0xc94    0x32  ABImemset48.o [6]
  .text                 ro code        0xcc6     0x2  rtx_evr.o [2]
  .text                 ro code        0xcc8     0x2  rtx_evr.o [2]
  .text                 ro code        0xcca     0x2  rtx_evr.o [2]
  .text                 ro code        0xccc   0x62c  rtx_msgqueue.o [2]
  .text                 ro code       0x12f8    0xa6  ABImemcpy.o [6]
  .text                 ro code       0x139e     0x2  rtx_evr.o [2]
  .text                 ro code       0x13a0     0x2  rtx_evr.o [2]
  .text                 ro code       0x13a2     0x2  rtx_evr.o [2]
  .text                 ro code       0x13a4     0x6  ABImemclr.o [6]
  .text                 ro code       0x13aa     0x2  rtx_evr.o [2]
  .text                 ro code       0x13ac     0x2  rtx_evr.o [2]
  .text                 ro code       0x13ae     0x2  rtx_evr.o [2]
  .text                 ro code       0x13b0     0x2  rtx_evr.o [2]
  .text                 ro code       0x13b2     0x2  rtx_evr.o [2]
  .text                 ro code       0x13b4     0x2  rtx_evr.o [2]
  .text                 ro code       0x13b6     0x2  rtx_evr.o [2]
  .text                 ro code       0x13b8   0x174  rtx_system.o [2]
  .text                 ro code       0x152c     0x2  rtx_evr.o [2]
  .text                 ro code       0x152e     0x2  rtx_evr.o [2]
  .text                 ro code       0x1530    0x5e  ABImemset.o [6]
  .text                 ro code       0x1590     0xc  os_systick.o [2]
  .text                 ro code       0x159c   0x4ec  sysctl.o [4]
  .text                 ro code       0x1a88   0x318  rtx_semaphore.o [2]
  .text                 ro code       0x1da0     0x2  rtx_evr.o [2]
  .text                 ro code       0x1da2     0x2  rtx_evr.o [2]
  .text                 ro code       0x1da4     0x2  rtx_evr.o [2]
  .text                 ro code       0x1da6     0x2  rtx_evr.o [2]
  .text                 ro code       0x1da8     0x2  rtx_evr.o [2]
  .text                 ro code       0x1daa     0x2  rtx_evr.o [2]
  .text                 ro code       0x1dac     0x2  rtx_evr.o [2]
  .text                 ro code       0x1dae     0x2  rtx_evr.o [2]
  .text                 ro code       0x1db0     0x2  rtx_evr.o [2]
  .text                 ro code       0x1db4   0x2c4  rtx_kernel.o [2]
  .text                 ro code       0x2078     0x2  rtx_evr.o [2]
  .text                 ro code       0x207a    0x44  rtx_memory.o [2]
  .text                 ro code       0x20be     0x2  rtx_evr.o [2]
  .text                 ro code       0x20c0     0x2  rtx_evr.o [2]
  .text                 ro code       0x20c4    0x40  os_systick.o [2]
  .text                 ro code       0x2104     0x6  os_systick.o [2]
  .text                 ro code       0x210c    0x2c  os_systick.o [2]
  .text                 ro code       0x2138     0x2  rtx_evr.o [2]
  .text                 ro code       0x213a     0x2  rtx_lib.o [1]
  .text                 ro code       0x213c     0x2  rtx_evr.o [2]
  .text                 ro code       0x213e     0x2  rtx_evr.o [2]
  .text                 ro code       0x2140     0x2  rtx_evr.o [2]
  .text                 ro code       0x2144   0x14e  gpio.o [4]
  .text                 ro code       0x2294   0x130  driverleds.o [1]
  .text                 ro code       0x23c4    0xdc  rtx_timer.o [2]
  .text                 ro code       0x24a0     0x2  rtx_evr.o [2]
  .text                 ro code       0x24a4    0xc8  main.o [1]
  .text                 ro code       0x256c    0x58  rtx_delay.o [2]
  .text                 ro code       0x25c4    0x3c  system_tm4c1294.o [1]
  .text                 ro code       0x2600     0x2  rtx_evr.o [2]
  .text                 ro code       0x2604    0xc4  irq_cm4f.o [2]
  .rodata               const         0x26c8    0x68  rtx_lib.o [1]
  .rodata               const         0x2730    0x60  rtx_lib.o [1]
  .text                 ro code       0x2790    0x38  packbits_init_single.o [6]
  .text                 ro code       0x27c8    0x28  data_init.o [6]
  .text                 ro code       0x27f0    0x22  fpinit_M.o [5]
  .iar.init_table       const         0x2814    0x20  - Linker created -
  .text                 ro code       0x2834    0x1e  cmain.o [6]
  .text                 ro code       0x2852     0x4  low_level_init.o [3]
  .text                 ro code       0x2856     0x4  exit.o [3]
  .text                 ro code       0x285c     0xa  cexit.o [6]
  .text                 ro code       0x2868    0x14  exit.o [7]
  .text                 ro code       0x287c    0x10  startup_tm4c1294.o [1]
  .text                 ro code       0x288c     0xc  cstartup_M.o [6]
  .rodata               const         0x2898     0x4  rtx_lib.o [1]
  .text                 ro code       0x289c     0x4  startup_tm4c1294.o [1]
  .text                 ro code       0x28a0     0x4  startup_tm4c1294.o [1]
  .text                 ro code       0x28a4     0x4  startup_tm4c1294.o [1]
  .text                 ro code       0x28a8     0x4  startup_tm4c1294.o [1]
  .text                 ro code       0x28ac     0x4  startup_tm4c1294.o [1]
  .text                 ro code       0x28b0     0x4  startup_tm4c1294.o [1]
  .text                 ro code       0x28b4     0x4  startup_tm4c1294.o [1]
  .rodata               const         0x28b8     0x0  zero_init3.o [6]
  .rodata               const         0x28b8     0x0  packbits_init_single.o [6]
  Initializer bytes     const         0x28b8     0xd  <for P2-1>
                                    - 0x28c5  0x2659

"P2", part 1 of 3:                              0xa4
  P2-1                           0x2000'0000    0xa4  <Init block>
    .data.os            inited   0x2000'0000    0xa4  rtx_kernel.o [2]
                               - 0x2000'00a4    0xa4

"P2", part 2 of 3:                            0x1370
  .bss.os               zero     0x2000'00a8  0x1000  rtx_lib.o [1]
  .bss.os.thread.stack  zero     0x2000'10a8   0x100  rtx_lib.o [1]
  .bss.os.thread.stack  zero     0x2000'11a8   0x100  rtx_lib.o [1]
  .bss.os.msgqueue.mem  zero     0x2000'12a8    0x50  rtx_lib.o [1]
  .bss.os.thread.cb     zero     0x2000'12f8    0x44  rtx_lib.o [1]
  .bss.os.thread.cb     zero     0x2000'133c    0x44  rtx_lib.o [1]
  .bss.os               zero     0x2000'1380    0x40  rtx_lib.o [1]
  .bss.os.msgqueue.cb   zero     0x2000'13c0    0x34  rtx_lib.o [1]
  .bss                  zero     0x2000'13f4    0x18  main.o [1]
  .bss                  zero     0x2000'140c     0x4  system_tm4c1294.o [1]
  .bss                  zero     0x2000'1410     0x1  os_systick.o [2]
                               - 0x2000'1411  0x136d

"P2", part 3 of 3:                            0x8000
  CSTACK                         0x2000'1418  0x8000  <Block>
    CSTACK              uninit   0x2000'1418  0x8000  <Block tail>
                               - 0x2000'9418  0x8000

Unused ranges:

         From           To      Size
         ----           --      ----
       0x28c5     0xf'ffff  0xf'd73b
  0x2000'1414  0x2000'1417       0x4
  0x2000'9418  0x2003'ffff  0x3'6be8


*******************************************************************************
*** INIT TABLE
***

          Address      Size
          -------      ----
Zero (__iar_zero_init3)
    1 destination range, total size 0x1369:
          0x2000'00a8  0x1369

Copy/packbits (__iar_packbits_init_single3)
    1 source range, total size 0xd (7% of destination):
               0x28b8     0xd
    1 destination range, total size 0xa4:
          0x2000'0000    0xa4



*******************************************************************************
*** MODULE SUMMARY
***

    Module                  ro code  ro data  rw data
    ------                  -------  -------  -------
command line/config:
    -------------------------------------------------
    Total:

C:\Users\Lucas Tsuchiya\Google Drive\NotebookAsus\Embarcados\Tiva_RTOS2_IAR8 Atualizado\Tiva_RTOS2_IAR8 Atuallizado\prodcons\ewarm\Obj: [1]
    RTX_Config.o                  4
    driverleds.o                304
    main.o                      200                24
    rtx_lib.o                     2      204    4 940
    startup_tm4c1294.o          664
    system_tm4c1294.o            60                 4
    -------------------------------------------------
    Total:                    1 234      204    4 968

RTX_CM4F.a: [2]
    irq_cm4f.o                  196
    os_systick.o                126                 1
    rtx_delay.o                  88
    rtx_evr.o                   112
    rtx_kernel.o                708       13      164
    rtx_memory.o                274
    rtx_mempool.o               230
    rtx_msgqueue.o            1 580
    rtx_mutex.o                  76
    rtx_semaphore.o             792
    rtx_system.o                372
    rtx_thread.o              1 972
    rtx_timer.o                 220
    -------------------------------------------------
    Total:                    6 746       13      165

dl7M_tln.a: [3]
    exit.o                        4
    low_level_init.o              4
    -------------------------------------------------
    Total:                        8

driverlib.a: [4]
    gpio.o                      334
    sysctl.o                  1 260
    -------------------------------------------------
    Total:                    1 594

m7M_tls.a: [5]
    fpinit_M.o                   34
    -------------------------------------------------
    Total:                       34

rt7M_tl.a: [6]
    ABImemclr.o                   6
    ABImemclr4.o                  6
    ABImemcpy.o                 166
    ABImemset.o                  94
    ABImemset48.o                50
    cexit.o                      10
    cmain.o                      30
    cstartup_M.o                 12
    data_init.o                  40
    packbits_init_single.o       56
    zero_init3.o                 58
    -------------------------------------------------
    Total:                      528

shb_l.a: [7]
    exit.o                       20
    -------------------------------------------------
    Total:                       20

    Gaps                         22        2        4
    Linker created                        32   32 768
-----------------------------------------------------
    Grand Total:             10 186      251   37 905


*******************************************************************************
*** ENTRY LIST
***

Entry                       Address    Size  Type      Object
-----                       -------    ----  ----      ------
.iar.init_table$$Base        0x2814           --   Gb  - Linker created -
.iar.init_table$$Limit       0x2834           --   Gb  - Linker created -
?main                        0x2835          Code  Gb  cmain.o [6]
CSTACK$$Base            0x2000'1418           --   Gb  - Linker created -
CSTACK$$Limit           0x2000'9418           --   Gb  - Linker created -
EvrRtxEventFlagsWaitTimeout
                              0xa25     0x2  Code  Wk  rtx_evr.o [2]
EvrRtxKernelError            0x2079     0x2  Code  Wk  rtx_evr.o [2]
EvrRtxKernelGetState         0x20c1     0x2  Code  Wk  rtx_evr.o [2]
EvrRtxKernelInitialize       0x213d     0x2  Code  Wk  rtx_evr.o [2]
EvrRtxKernelInitialized
                             0x20bf     0x2  Code  Wk  rtx_evr.o [2]
EvrRtxKernelStart            0x213f     0x2  Code  Wk  rtx_evr.o [2]
EvrRtxKernelStarted          0x2139     0x2  Code  Wk  rtx_evr.o [2]
EvrRtxMemoryAlloc             0xc91     0x2  Code  Wk  rtx_evr.o [2]
EvrRtxMemoryBlockAlloc        0xc8d     0x2  Code  Wk  rtx_evr.o [2]
EvrRtxMemoryBlockFree         0xc8f     0x2  Code  Wk  rtx_evr.o [2]
EvrRtxMemoryBlockInit         0xc8b     0x2  Code  Wk  rtx_evr.o [2]
EvrRtxMemoryFree              0xcc7     0x2  Code  Wk  rtx_evr.o [2]
EvrRtxMemoryInit             0x2141     0x2  Code  Wk  rtx_evr.o [2]
EvrRtxMemoryPoolAllocTimeout
                              0xa2b     0x2  Code  Wk  rtx_evr.o [2]
EvrRtxMessageQueueCreated
                             0x13ab     0x2  Code  Wk  rtx_evr.o [2]
EvrRtxMessageQueueError
                             0x13a3     0x2  Code  Wk  rtx_evr.o [2]
EvrRtxMessageQueueGet        0x152f     0x2  Code  Wk  rtx_evr.o [2]
EvrRtxMessageQueueGetPending
                             0x13b1     0x2  Code  Wk  rtx_evr.o [2]
EvrRtxMessageQueueGetTimeout
                              0xa2d     0x2  Code  Wk  rtx_evr.o [2]
EvrRtxMessageQueueInsertPending
                             0x152d     0x2  Code  Wk  rtx_evr.o [2]
EvrRtxMessageQueueInserted
                             0x139f     0x2  Code  Wk  rtx_evr.o [2]
EvrRtxMessageQueueNew        0x13b5     0x2  Code  Wk  rtx_evr.o [2]
EvrRtxMessageQueueNotInserted
                             0x13af     0x2  Code  Wk  rtx_evr.o [2]
EvrRtxMessageQueueNotRetrieved
                             0x13b3     0x2  Code  Wk  rtx_evr.o [2]
EvrRtxMessageQueuePut        0x13b7     0x2  Code  Wk  rtx_evr.o [2]
EvrRtxMessageQueuePutPending
                             0x13ad     0x2  Code  Wk  rtx_evr.o [2]
EvrRtxMessageQueuePutTimeout
                              0xa2f     0x2  Code  Wk  rtx_evr.o [2]
EvrRtxMessageQueueRetrieved
                             0x13a1     0x2  Code  Wk  rtx_evr.o [2]
EvrRtxMutexAcquireTimeout
                              0xa27     0x2  Code  Wk  rtx_evr.o [2]
EvrRtxMutexAcquired           0xccb     0x2  Code  Wk  rtx_evr.o [2]
EvrRtxMutexReleased           0xcc9     0x2  Code  Wk  rtx_evr.o [2]
EvrRtxSemaphoreAcquire       0x1daf     0x2  Code  Wk  rtx_evr.o [2]
EvrRtxSemaphoreAcquirePending
                             0x1da7     0x2  Code  Wk  rtx_evr.o [2]
EvrRtxSemaphoreAcquireTimeout
                              0xa29     0x2  Code  Wk  rtx_evr.o [2]
EvrRtxSemaphoreAcquired
                             0x1da1     0x2  Code  Wk  rtx_evr.o [2]
EvrRtxSemaphoreCreated       0x1da3     0x2  Code  Wk  rtx_evr.o [2]
EvrRtxSemaphoreError         0x1da5     0x2  Code  Wk  rtx_evr.o [2]
EvrRtxSemaphoreNew           0x1dad     0x2  Code  Wk  rtx_evr.o [2]
EvrRtxSemaphoreNotAcquired
                             0x1da9     0x2  Code  Wk  rtx_evr.o [2]
EvrRtxSemaphoreRelease       0x1db1     0x2  Code  Wk  rtx_evr.o [2]
EvrRtxSemaphoreReleased
                             0x1dab     0x2  Code  Wk  rtx_evr.o [2]
EvrRtxThreadBlocked           0xa37     0x2  Code  Wk  rtx_evr.o [2]
EvrRtxThreadCreated           0xbe7     0x2  Code  Wk  rtx_evr.o [2]
EvrRtxThreadDelay            0x2601     0x2  Code  Wk  rtx_evr.o [2]
EvrRtxThreadDelayCompleted
                              0xa21     0x2  Code  Wk  rtx_evr.o [2]
EvrRtxThreadDestroyed         0xc83     0x2  Code  Wk  rtx_evr.o [2]
EvrRtxThreadError             0xb5b     0x2  Code  Wk  rtx_evr.o [2]
EvrRtxThreadExit              0xc87     0x2  Code  Wk  rtx_evr.o [2]
EvrRtxThreadFlagsWaitCompleted
                              0xa39     0x2  Code  Wk  rtx_evr.o [2]
EvrRtxThreadFlagsWaitTimeout
                              0xa23     0x2  Code  Wk  rtx_evr.o [2]
EvrRtxThreadJoined            0xc81     0x2  Code  Wk  rtx_evr.o [2]
EvrRtxThreadNew               0xc85     0x2  Code  Wk  rtx_evr.o [2]
EvrRtxThreadPreempted         0xa33     0x2  Code  Wk  rtx_evr.o [2]
EvrRtxThreadSwitched          0xa35     0x2  Code  Wk  rtx_evr.o [2]
EvrRtxThreadUnblocked         0xa31     0x2  Code  Wk  rtx_evr.o [2]
EvrRtxTimerCallback          0x24a1     0x2  Code  Wk  rtx_evr.o [2]
GPIODirModeSet               0x2145    0x28  Code  Gb  gpio.o [4]
GPIOPadConfigSet             0x216d   0x102  Code  Gb  gpio.o [4]
GPIOPinTypeGPIOOutput        0x2277     0xa  Code  Gb  gpio.o [4]
GPIOPinWrite                 0x226f     0x8  Code  Gb  gpio.o [4]
LEDInit                      0x2295    0xac  Code  Gb  driverleds.o [1]
LEDWrite                     0x2359    0x58  Code  Gb  driverleds.o [1]
MessageQueueGet               0xd19    0x40  Code  Lc  rtx_msgqueue.o [2]
MessageQueuePut               0xccd    0x4a  Code  Lc  rtx_msgqueue.o [2]
MessageQueueRemove            0xd59    0x1a  Code  Lc  rtx_msgqueue.o [2]
OS_Tick_AcknowledgeIRQ       0x1591     0xc  Code  Wk  os_systick.o [2]
OS_Tick_Enable               0x210d    0x2c  Code  Wk  os_systick.o [2]
OS_Tick_GetIRQn              0x2105     0x6  Code  Wk  os_systick.o [2]
OS_Tick_Setup                0x20c5    0x40  Code  Wk  os_systick.o [2]
PendST                  0x2000'1410     0x1  Data  Lc  os_systick.o [2]
PendSV_Handler               0x269d          Code  Gb  irq_cm4f.o [2]
Region$$Table$$Base          0x2814           --   Gb  - Linker created -
Region$$Table$$Limit         0x2834           --   Gb  - Linker created -
SVC_Handler                  0x2605          Code  Gb  irq_cm4f.o [2]
SysCtlClockFreqSet           0x15fd   0x20a  Code  Gb  sysctl.o [4]
SysCtlPeripheralEnable       0x15df     0x8  Code  Gb  sysctl.o [4]
SysCtlPeripheralReady        0x15bd     0x8  Code  Gb  sysctl.o [4]
SysTick_Handler              0x26ad          Code  Gb  irq_cm4f.o [2]
SystemCoreClock         0x2000'140c     0x4  Data  Gb  system_tm4c1294.o [1]
SystemInit                   0x25c5    0x20  Code  Gb  system_tm4c1294.o [1]
ThreadFlagsCheck              0x26d    0x6c  Code  Lc  rtx_thread.o [2]
TimerInsert                  0x23c5    0x38  Code  Lc  rtx_timer.o [2]
_SysCtlMemTimingGet          0x159d    0x20  Code  Lc  sysctl.o [4]
__Vectors                       0x0           --   Gb  startup_tm4c1294.o [1]
__Vectors_End                 0x26c          Data  Gb  startup_tm4c1294.o [1]
__Vectors_Size {Abs}          0x26c           --   Gb  startup_tm4c1294.o [1]
__aeabi_memclr               0x13a5          Code  Gb  ABImemclr.o [6]
__aeabi_memclr4               0xbe1          Code  Gb  ABImemclr4.o [6]
__aeabi_memcpy               0x12f9          Code  Gb  ABImemcpy.o [6]
__aeabi_memcpy4              0x1319          Code  Gb  ABImemcpy.o [6]
__aeabi_memcpy8              0x1319          Code  Gb  ABImemcpy.o [6]
__cmain                      0x2835          Code  Gb  cmain.o [6]
__exit                       0x2869    0x14  Code  Gb  exit.o [7]
__iar_Memset4_word            0xc95          Code  Gb  ABImemset48.o [6]
__iar_Memset8_word            0xc95          Code  Gb  ABImemset48.o [6]
__iar_Memset_word            0x1531          Code  Gb  ABImemset.o [6]
__iar_data_init3             0x27c9    0x28  Code  Gb  data_init.o [6]
__iar_init_vfp               0x27f1          Code  Gb  fpinit_M.o [5]
__iar_packbits_init_single3
                             0x2791    0x38  Code  Gb  packbits_init_single.o [6]
__iar_program_start          0x288d          Code  Gb  cstartup_M.o [6]
__iar_zero_init3              0xa3b    0x3a  Code  Gb  zero_init3.o [6]
__low_level_init             0x2853     0x4  Code  Gb  low_level_init.o [3]
__vector_table                  0x0          Data  Gb  startup_tm4c1294.o [1]
__vector_table_0x1c            0x1c          Data  Gb  startup_tm4c1294.o [1]
_call_main                   0x2841          Code  Gb  cmain.o [6]
_exit                        0x285d          Code  Gb  cexit.o [6]
_main                        0x284f          Code  Gb  cmain.o [6]
buffer                  0x2000'13f4     0x8  Data  Gb  main.o [1]
cheio_id                0x2000'1408     0x4  Data  Gb  main.o [1]
consumidor                   0x24db    0x36  Code  Gb  main.o [1]
consumidor_id           0x2000'1400     0x4  Data  Gb  main.o [1]
exit                         0x2857     0x4  Code  Gb  exit.o [3]
g_pppui32XTALtoVCO           0x18a0   0x1b0  Data  Lc  sysctl.o [4]
g_pui32VCOFrequencies        0x1a80     0x8  Data  Lc  sysctl.o [4]
g_pui32Xtals                 0x1834    0x6c  Data  Lc  sysctl.o [4]
g_sXTALtoMEMTIM              0x1a50    0x30  Data  Lc  sysctl.o [4]
main                         0x2511    0x50  Code  Gb  main.o [1]
osDelay                      0x2585    0x3a  Code  Gb  rtx_delay.o [2]
osKernelGetState             0x1fdd    0x40  Code  Gb  rtx_kernel.o [2]
osKernelInitialize           0x1fa5    0x38  Code  Gb  rtx_kernel.o [2]
osKernelStart                0x201d    0x34  Code  Gb  rtx_kernel.o [2]
osMessageQueueGet            0x1255    0x90  Code  Gb  rtx_msgqueue.o [2]
osMessageQueueNew            0x117d    0x3e  Code  Gb  rtx_msgqueue.o [2]
osMessageQueuePut            0x11bd    0x98  Code  Gb  rtx_msgqueue.o [2]
osRtxConfig                  0x26c8    0x68  Data  Gb  rtx_lib.o [1]
osRtxErrorNotify              0xc89     0x2  Code  Wk  RTX_Config.o [1]
osRtxIdleThread               0xbdf     0x2  Code  Wk  RTX_Config.o [1]
osRtxInfo               0x2000'0000    0xa4  Data  Gb  rtx_kernel.o [2]
osRtxKernelPreInit           0x213b     0x2  Code  Gb  rtx_lib.o [1]
osRtxMemoryAlloc              0xb5d    0x82  Code  Wk  rtx_memory.o [2]
osRtxMemoryFree               0xbe9    0x4c  Code  Wk  rtx_memory.o [2]
osRtxMemoryInit              0x207b    0x44  Code  Wk  rtx_memory.o [2]
osRtxMemoryPoolAlloc          0xac1    0x44  Code  Gb  rtx_mempool.o [2]
osRtxMemoryPoolFree           0xb05    0x56  Code  Gb  rtx_mempool.o [2]
osRtxMemoryPoolInit           0xa75    0x4a  Code  Gb  rtx_mempool.o [2]
osRtxMessageQueuePostProcess
                              0xd73    0xee  Code  Lc  rtx_msgqueue.o [2]
osRtxMutexOwnerRelease        0xc35    0x4c  Code  Gb  rtx_mutex.o [2]
osRtxPendSV_Handler          0x1429    0x8a  Code  Gb  rtx_system.o [2]
osRtxPostProcess             0x14b5    0x6e  Code  Gb  rtx_system.o [2]
osRtxSemaphorePostProcess
                             0x1a89    0x40  Code  Lc  rtx_semaphore.o [2]
osRtxThreadBlock              0x50d    0x34  Code  Lc  rtx_thread.o [2]
osRtxThreadDelayInsert        0x331    0x66  Code  Lc  rtx_thread.o [2]
osRtxThreadDelayRemove        0x397    0x60  Code  Lc  rtx_thread.o [2]
osRtxThreadDelayTick          0x3f7   0x102  Code  Gb  rtx_thread.o [2]
osRtxThreadDispatch           0x55d    0x5c  Code  Gb  rtx_thread.o [2]
osRtxThreadFree               0x84d    0x56  Code  Lc  rtx_thread.o [2]
osRtxThreadListGet            0x2fd    0x16  Code  Gb  rtx_thread.o [2]
osRtxThreadListPut            0x2d9    0x24  Code  Gb  rtx_thread.o [2]
osRtxThreadListRemove         0x313    0x16  Code  Gb  rtx_thread.o [2]
osRtxThreadPostProcess        0x62f    0x50  Code  Lc  rtx_thread.o [2]
osRtxThreadReadyPut           0x329     0x8  Code  Gb  rtx_thread.o [2]
osRtxThreadRegPtr             0x4f9    0x14  Code  Gb  rtx_thread.o [2]
osRtxThreadStartup            0x93d    0x3e  Code  Gb  rtx_thread.o [2]
osRtxThreadSwitch             0x541    0x1c  Code  Gb  rtx_thread.o [2]
osRtxThreadWaitEnter          0x5f3    0x3c  Code  Gb  rtx_thread.o [2]
osRtxThreadWaitExit           0x5bf    0x2e  Code  Gb  rtx_thread.o [2]
osRtxTick_Handler            0x13b9    0x6e  Code  Gb  rtx_system.o [2]
osRtxTimerThread             0x2455    0x4c  Code  Wk  rtx_timer.o [2]
osRtxTimerTick               0x23fd    0x54  Code  Lc  rtx_timer.o [2]
osRtxUserSVC                 0x2898     0x4  Data  Wk  rtx_lib.o [1]
osSemaphoreAcquire           0x1c89    0x7c  Code  Gb  rtx_semaphore.o [2]
osSemaphoreNew               0x1c49    0x3e  Code  Gb  rtx_semaphore.o [2]
osSemaphoreRelease           0x1d05    0x88  Code  Gb  rtx_semaphore.o [2]
osThreadExit                  0x9c1    0x16  Code  Gb  rtx_thread.o [2]
osThreadNew                   0x97d    0x40  Code  Gb  rtx_thread.o [2]
os_idle_thread_attr          0x2730    0x24  Data  Lc  rtx_lib.o [1]
os_idle_thread_cb       0x2000'12f8    0x44  Data  Lc  rtx_lib.o [1]
os_idle_thread_stack    0x2000'10a8   0x100  Data  Lc  rtx_lib.o [1]
os_isr_queue            0x2000'1380    0x40  Data  Lc  rtx_lib.o [1]
os_mem                  0x2000'00a8  0x1000  Data  Lc  rtx_lib.o [1]
os_timer_mq_attr             0x2778    0x18  Data  Lc  rtx_lib.o [1]
os_timer_mq_cb          0x2000'13c0    0x34  Data  Lc  rtx_lib.o [1]
os_timer_mq_data        0x2000'12a8    0x50  Data  Lc  rtx_lib.o [1]
os_timer_thread_attr         0x2754    0x24  Data  Lc  rtx_lib.o [1]
os_timer_thread_cb      0x2000'133c    0x44  Data  Lc  rtx_lib.o [1]
os_timer_thread_stack   0x2000'11a8   0x100  Data  Lc  rtx_lib.o [1]
produtor                     0x24a5    0x36  Code  Gb  main.o [1]
produtor_id             0x2000'13fc     0x4  Data  Gb  main.o [1]
svcRtxDelay                  0x256d    0x16  Code  Lc  rtx_delay.o [2]
svcRtxKernelGetState         0x1efb    0x12  Code  Lc  rtx_kernel.o [2]
svcRtxKernelInitialize       0x1db5   0x146  Code  Lc  rtx_kernel.o [2]
svcRtxKernelStart            0x1f0d    0x98  Code  Lc  rtx_kernel.o [2]
svcRtxMessageQueueGet        0x1065    0xee  Code  Lc  rtx_msgqueue.o [2]
svcRtxMessageQueueNew         0xe61   0x130  Code  Lc  rtx_msgqueue.o [2]
svcRtxMessageQueuePut         0xf91    0xd4  Code  Lc  rtx_msgqueue.o [2]
svcRtxSemaphoreAcquire       0x1b61    0x6c  Code  Lc  rtx_semaphore.o [2]
svcRtxSemaphoreNew           0x1ac9    0x98  Code  Lc  rtx_semaphore.o [2]
svcRtxSemaphoreRelease       0x1bcd    0x68  Code  Lc  rtx_semaphore.o [2]
svcRtxThreadExit              0x8a3    0x96  Code  Lc  rtx_thread.o [2]
svcRtxThreadNew               0x67f   0x1c8  Code  Lc  rtx_thread.o [2]
vazio_id                0x2000'1404     0x4  Data  Gb  main.o [1]


[1] = C:\Users\Lucas Tsuchiya\Google Drive\NotebookAsus\Embarcados\Tiva_RTOS2_IAR8 Atualizado\Tiva_RTOS2_IAR8 Atuallizado\prodcons\ewarm\Obj
[2] = RTX_CM4F.a
[3] = dl7M_tln.a
[4] = driverlib.a
[5] = m7M_tls.a
[6] = rt7M_tl.a
[7] = shb_l.a

  10 186 bytes of readonly  code memory
     251 bytes of readonly  data memory
  37 905 bytes of readwrite data memory

Errors: none
Warnings: none
