###############################################################################
#
# IAR ELF Linker V8.30.1.114/W32 for ARM                  07/Jun/2019  15:27:59
# Copyright 2007-2018 IAR Systems AB.
#
#    Output file  =  
#        C:\Users\lucastsuchiya\Google
#        Drive\NotebookAsus\Embarcados\Tiva_RTOS2_IAR8
#        Atualizado\Tiva_RTOS2_IAR8
#        Atuallizado\sinalizador\ewarm\Exe\sinalizador.out
#    Map file     =  
#        C:\Users\lucastsuchiya\Google
#        Drive\NotebookAsus\Embarcados\Tiva_RTOS2_IAR8
#        Atualizado\Tiva_RTOS2_IAR8
#        Atuallizado\sinalizador\ewarm\List\sinalizador.map
#    Command line =  
#        -f C:\Users\LUCAST~1\AppData\Local\Temp\EW3CD4.tmp
#        ("C:\Users\lucastsuchiya\Google
#        Drive\NotebookAsus\Embarcados\Tiva_RTOS2_IAR8
#        Atualizado\Tiva_RTOS2_IAR8
#        Atuallizado\sinalizador\ewarm\Obj\driverleds.o"
#        "C:\Users\lucastsuchiya\Google
#        Drive\NotebookAsus\Embarcados\Tiva_RTOS2_IAR8
#        Atualizado\Tiva_RTOS2_IAR8
#        Atuallizado\driverlib\ewarm\Exe\driverlib.a"
#        "C:\Users\lucastsuchiya\Google
#        Drive\NotebookAsus\Embarcados\Tiva_RTOS2_IAR8
#        Atualizado\Tiva_RTOS2_IAR8 Atuallizado\sinalizador\ewarm\Obj\main.o"
#        "C:\Users\lucastsuchiya\Google
#        Drive\NotebookAsus\Embarcados\Tiva_RTOS2_IAR8
#        Atualizado\Tiva_RTOS2_IAR8
#        Atuallizado\CMSIS\RTOS2\RTX\Library\IAR\RTX_CM4F.a"
#        "C:\Users\lucastsuchiya\Google
#        Drive\NotebookAsus\Embarcados\Tiva_RTOS2_IAR8
#        Atualizado\Tiva_RTOS2_IAR8
#        Atuallizado\sinalizador\ewarm\Obj\RTX_Config.o"
#        "C:\Users\lucastsuchiya\Google
#        Drive\NotebookAsus\Embarcados\Tiva_RTOS2_IAR8
#        Atualizado\Tiva_RTOS2_IAR8
#        Atuallizado\sinalizador\ewarm\Obj\rtx_lib.o"
#        "C:\Users\lucastsuchiya\Google
#        Drive\NotebookAsus\Embarcados\Tiva_RTOS2_IAR8
#        Atualizado\Tiva_RTOS2_IAR8
#        Atuallizado\sinalizador\ewarm\Obj\startup_tm4c1294.o"
#        "C:\Users\lucastsuchiya\Google
#        Drive\NotebookAsus\Embarcados\Tiva_RTOS2_IAR8
#        Atualizado\Tiva_RTOS2_IAR8
#        Atuallizado\sinalizador\ewarm\Obj\system_tm4c1294.o"
#        --no_out_extension -o "C:\Users\lucastsuchiya\Google
#        Drive\NotebookAsus\Embarcados\Tiva_RTOS2_IAR8
#        Atualizado\Tiva_RTOS2_IAR8
#        Atuallizado\sinalizador\ewarm\Exe\sinalizador.out" --map
#        "C:\Users\lucastsuchiya\Google
#        Drive\NotebookAsus\Embarcados\Tiva_RTOS2_IAR8
#        Atualizado\Tiva_RTOS2_IAR8
#        Atuallizado\sinalizador\ewarm\List\sinalizador.map" --config
#        "C:\Program Files (x86)\IAR Systems\Embedded Workbench
#        8.1\arm\config\linker\TexasInstruments\TM4C1294NC.icf" --semihosting
#        --entry __iar_program_start --vfe --text_out locale)
#
###############################################################################

*******************************************************************************
*** RUNTIME MODEL ATTRIBUTES
***

CppFlavor       = *
__SystemLibrary = DLib
__dlib_version  = 6


*******************************************************************************
*** HEAP SELECTION
***

The basic heap was selected because some modules are built with
size limitations (and not runtime checking), and --advanced_heap
was not specified.


*******************************************************************************
*** PLACEMENT SUMMARY
***

"A0":  place at 0x0 { ro section .intvec };
"P1":  place in [from 0x0 to 0xf'ffff] { ro };
define block CSTACK with size = 32K, alignment = 8 { };
define block HEAP with size = 64K, alignment = 8 { };
"P2":  place in [from 0x2000'0000 to 0x2003'ffff] {
          rw, block CSTACK, block HEAP };
initialize by copy { rw };

  Section               Kind         Address    Size  Object
  -------               ----         -------    ----  ------
"A0":                                          0x26c
  .intvec               ro code          0x0   0x26c  startup_tm4c1294.o [1]
                                     - 0x26c   0x26c

"P1":                                         0x252d
  .text                 ro code        0x26c   0x9a0  rtx_thread.o [2]
  .text                 ro code        0xc0c     0x2  rtx_evr.o [2]
  .text                 ro code        0xc0e     0x2  rtx_evr.o [2]
  .text                 ro code        0xc10     0x2  rtx_evr.o [2]
  .text                 ro code        0xc12     0x2  rtx_evr.o [2]
  .text                 ro code        0xc14     0x2  rtx_evr.o [2]
  .text                 ro code        0xc16     0x2  rtx_evr.o [2]
  .text                 ro code        0xc18     0x2  rtx_evr.o [2]
  .text                 ro code        0xc1a     0x2  rtx_evr.o [2]
  .text                 ro code        0xc1c     0x2  rtx_evr.o [2]
  .text                 ro code        0xc1e     0x2  rtx_evr.o [2]
  .text                 ro code        0xc20     0x2  rtx_evr.o [2]
  .text                 ro code        0xc22     0x2  rtx_evr.o [2]
  .text                 ro code        0xc24     0x2  rtx_evr.o [2]
  .text                 ro code        0xc26    0x3a  zero_init3.o [6]
  .text                 ro code        0xc60    0xe6  rtx_mempool.o [2]
  .text                 ro code        0xd46     0x2  rtx_evr.o [2]
  .text                 ro code        0xd48    0x82  rtx_memory.o [2]
  .text                 ro code        0xdca     0x2  RTX_Config.o [1]
  .text                 ro code        0xdcc     0x6  ABImemclr4.o [6]
  .text                 ro code        0xdd2     0x2  rtx_evr.o [2]
  .text                 ro code        0xdd4    0x4c  rtx_memory.o [2]
  .text                 ro code        0xe20    0x4c  rtx_mutex.o [2]
  .text                 ro code        0xe6c     0x2  rtx_evr.o [2]
  .text                 ro code        0xe6e     0x2  rtx_evr.o [2]
  .text                 ro code        0xe70     0x2  rtx_evr.o [2]
  .text                 ro code        0xe72     0x2  rtx_evr.o [2]
  .text                 ro code        0xe74     0x2  rtx_evr.o [2]
  .text                 ro code        0xe76     0x2  rtx_evr.o [2]
  .text                 ro code        0xe78     0x2  rtx_evr.o [2]
  .text                 ro code        0xe7a     0x2  rtx_evr.o [2]
  .text                 ro code        0xe7c   0x174  rtx_system.o [2]
  .text                 ro code        0xff0     0x2  rtx_evr.o [2]
  .text                 ro code        0xff2     0x2  RTX_Config.o [1]
  .text                 ro code        0xff4     0x2  rtx_evr.o [2]
  .text                 ro code        0xff6     0x2  rtx_evr.o [2]
  .text                 ro code        0xff8     0x2  rtx_evr.o [2]
  .text                 ro code        0xffa     0x2  rtx_evr.o [2]
  .text                 ro code        0xffc    0x32  ABImemset48.o [6]
  .text                 ro code       0x102e     0x2  rtx_evr.o [2]
  .text                 ro code       0x1030     0x2  rtx_evr.o [2]
  .text                 ro code       0x1032     0x2  rtx_evr.o [2]
  .text                 ro code       0x1034     0xc  os_systick.o [2]
  .text                 ro code       0x1040   0x62c  rtx_msgqueue.o [2]
  .text                 ro code       0x166c    0xa6  ABImemcpy.o [6]
  .text                 ro code       0x1712     0x2  rtx_evr.o [2]
  .text                 ro code       0x1714     0x2  rtx_evr.o [2]
  .text                 ro code       0x1716     0x2  rtx_evr.o [2]
  .text                 ro code       0x1718     0x6  ABImemclr.o [6]
  .text                 ro code       0x171e     0x2  rtx_evr.o [2]
  .text                 ro code       0x1720     0x2  rtx_evr.o [2]
  .text                 ro code       0x1722     0x2  rtx_evr.o [2]
  .text                 ro code       0x1724     0x2  rtx_evr.o [2]
  .text                 ro code       0x1726     0x2  rtx_evr.o [2]
  .text                 ro code       0x1728     0x2  rtx_evr.o [2]
  .text                 ro code       0x172a     0x2  rtx_evr.o [2]
  .text                 ro code       0x172c     0x2  rtx_evr.o [2]
  .text                 ro code       0x172e     0x2  rtx_evr.o [2]
  .text                 ro code       0x1730    0x5e  ABImemset.o [6]
  .text                 ro code       0x1790   0x4ec  sysctl.o [4]
  .text                 ro code       0x1c7c   0x2f8  rtx_kernel.o [2]
  .text                 ro code       0x1f74     0x2  rtx_evr.o [2]
  .text                 ro code       0x1f76    0x44  rtx_memory.o [2]
  .text                 ro code       0x1fba     0x2  rtx_evr.o [2]
  .text                 ro code       0x1fbc     0x2  rtx_evr.o [2]
  .text                 ro code       0x1fc0    0x40  os_systick.o [2]
  .text                 ro code       0x2000     0x6  os_systick.o [2]
  .text                 ro code       0x2008    0x2c  os_systick.o [2]
  .text                 ro code       0x2034     0x2  rtx_evr.o [2]
  .text                 ro code       0x2036     0x2  rtx_lib.o [1]
  .text                 ro code       0x2038     0x2  rtx_evr.o [2]
  .text                 ro code       0x203a     0x2  rtx_evr.o [2]
  .text                 ro code       0x203c     0x2  rtx_evr.o [2]
  .text                 ro code       0x203e     0x2  rtx_evr.o [2]
  .text                 ro code       0x2040   0x14e  gpio.o [4]
  .text                 ro code       0x2190   0x130  driverleds.o [1]
  .text                 ro code       0x22c0    0xdc  rtx_timer.o [2]
  .text                 ro code       0x239c     0x2  rtx_evr.o [2]
  .text                 ro code       0x23a0    0xc4  irq_cm4f.o [2]
  .text                 ro code       0x2464    0x80  main.o [1]
  .text                 ro code       0x24e4    0x78  rtx_delay.o [2]
  .text                 ro code       0x255c    0x3c  system_tm4c1294.o [1]
  .text                 ro code       0x2598     0x2  rtx_evr.o [2]
  .rodata               const         0x259c    0x68  rtx_lib.o [1]
  .rodata               const         0x2604    0x60  rtx_lib.o [1]
  .text                 ro code       0x2664    0x38  packbits_init_single.o [6]
  .text                 ro code       0x269c    0x28  data_init.o [6]
  .text                 ro code       0x26c4    0x22  fpinit_M.o [5]
  .iar.init_table       const         0x26e8    0x20  - Linker created -
  .text                 ro code       0x2708    0x1e  cmain.o [6]
  .text                 ro code       0x2726     0x4  low_level_init.o [3]
  .text                 ro code       0x272a     0x4  exit.o [3]
  .text                 ro code       0x2730     0xa  cexit.o [6]
  .text                 ro code       0x273c    0x14  exit.o [7]
  .text                 ro code       0x2750    0x10  startup_tm4c1294.o [1]
  .text                 ro code       0x2760     0xc  cstartup_M.o [6]
  .rodata               const         0x276c     0x4  rtx_lib.o [1]
  .text                 ro code       0x2770     0x4  startup_tm4c1294.o [1]
  .text                 ro code       0x2774     0x4  startup_tm4c1294.o [1]
  .text                 ro code       0x2778     0x4  startup_tm4c1294.o [1]
  .text                 ro code       0x277c     0x4  startup_tm4c1294.o [1]
  .text                 ro code       0x2780     0x4  startup_tm4c1294.o [1]
  .text                 ro code       0x2784     0x4  startup_tm4c1294.o [1]
  .text                 ro code       0x2788     0x4  startup_tm4c1294.o [1]
  .rodata               const         0x278c     0x0  zero_init3.o [6]
  .rodata               const         0x278c     0x0  packbits_init_single.o [6]
  Initializer bytes     const         0x278c     0xd  <for P2-1>
                                    - 0x2799  0x252d

"P2", part 1 of 3:                              0xa4
  P2-1                           0x2000'0000    0xa4  <Init block>
    .data.os            inited   0x2000'0000    0xa4  rtx_kernel.o [2]
                               - 0x2000'00a4    0xa4

"P2", part 2 of 3:                            0x1360
  .bss.os               zero     0x2000'00a8  0x1000  rtx_lib.o [1]
  .bss.os.thread.stack  zero     0x2000'10a8   0x100  rtx_lib.o [1]
  .bss.os.thread.stack  zero     0x2000'11a8   0x100  rtx_lib.o [1]
  .bss.os.msgqueue.mem  zero     0x2000'12a8    0x50  rtx_lib.o [1]
  .bss.os.thread.cb     zero     0x2000'12f8    0x44  rtx_lib.o [1]
  .bss.os.thread.cb     zero     0x2000'133c    0x44  rtx_lib.o [1]
  .bss.os               zero     0x2000'1380    0x40  rtx_lib.o [1]
  .bss.os.msgqueue.cb   zero     0x2000'13c0    0x34  rtx_lib.o [1]
  .bss                  zero     0x2000'13f4     0x8  main.o [1]
  .bss                  zero     0x2000'13fc     0x4  system_tm4c1294.o [1]
  .bss                  zero     0x2000'1400     0x1  os_systick.o [2]
                               - 0x2000'1401  0x135d

"P2", part 3 of 3:                            0x8000
  CSTACK                         0x2000'1408  0x8000  <Block>
    CSTACK              uninit   0x2000'1408  0x8000  <Block tail>
                               - 0x2000'9408  0x8000

Unused ranges:

         From           To      Size
         ----           --      ----
       0x2799     0xf'ffff  0xf'd867
  0x2000'1404  0x2000'1407       0x4
  0x2000'9408  0x2003'ffff  0x3'6bf8


*******************************************************************************
*** INIT TABLE
***

          Address      Size
          -------      ----
Zero (__iar_zero_init3)
    1 destination range, total size 0x1359:
          0x2000'00a8  0x1359

Copy/packbits (__iar_packbits_init_single3)
    1 source range, total size 0xd (7% of destination):
               0x278c     0xd
    1 destination range, total size 0xa4:
          0x2000'0000    0xa4



*******************************************************************************
*** MODULE SUMMARY
***

    Module                  ro code  ro data  rw data
    ------                  -------  -------  -------
command line/config:
    -------------------------------------------------
    Total:

C:\Users\lucastsuchiya\Google Drive\NotebookAsus\Embarcados\Tiva_RTOS2_IAR8 Atualizado\Tiva_RTOS2_IAR8 Atuallizado\sinalizador\ewarm\Obj: [1]
    RTX_Config.o                  4
    driverleds.o                304
    main.o                      128                 8
    rtx_lib.o                     2      204    4 940
    startup_tm4c1294.o          664
    system_tm4c1294.o            60                 4
    -------------------------------------------------
    Total:                    1 162      204    4 952

RTX_CM4F.a: [2]
    irq_cm4f.o                  196
    os_systick.o                126                 1
    rtx_delay.o                 120
    rtx_evr.o                   106
    rtx_kernel.o                760       13      164
    rtx_memory.o                274
    rtx_mempool.o               230
    rtx_msgqueue.o            1 580
    rtx_mutex.o                  76
    rtx_system.o                372
    rtx_thread.o              2 464
    rtx_timer.o                 220
    -------------------------------------------------
    Total:                    6 524       13      165

dl7M_tln.a: [3]
    exit.o                        4
    low_level_init.o              4
    -------------------------------------------------
    Total:                        8

driverlib.a: [4]
    gpio.o                      334
    sysctl.o                  1 260
    -------------------------------------------------
    Total:                    1 594

m7M_tls.a: [5]
    fpinit_M.o                   34
    -------------------------------------------------
    Total:                       34

rt7M_tl.a: [6]
    ABImemclr.o                   6
    ABImemclr4.o                  6
    ABImemcpy.o                 166
    ABImemset.o                  94
    ABImemset48.o                50
    cexit.o                      10
    cmain.o                      30
    cstartup_M.o                 12
    data_init.o                  40
    packbits_init_single.o       56
    zero_init3.o                 58
    -------------------------------------------------
    Total:                      528

shb_l.a: [7]
    exit.o                       20
    -------------------------------------------------
    Total:                       20

    Gaps                         14        4        4
    Linker created                        32   32 768
-----------------------------------------------------
    Grand Total:              9 884      253   37 889


*******************************************************************************
*** ENTRY LIST
***

Entry                       Address    Size  Type      Object
-----                       -------    ----  ----      ------
.iar.init_table$$Base        0x26e8           --   Gb  - Linker created -
.iar.init_table$$Limit       0x2708           --   Gb  - Linker created -
?main                        0x2709          Code  Gb  cmain.o [6]
AcionaLED                    0x2465    0x1e  Code  Gb  main.o [1]
AcionaLED_id            0x2000'13f4     0x4  Data  Gb  main.o [1]
CSTACK$$Base            0x2000'1408           --   Gb  - Linker created -
CSTACK$$Limit           0x2000'9408           --   Gb  - Linker created -
EvrRtxEventFlagsWaitTimeout
                              0xc11     0x2  Code  Wk  rtx_evr.o [2]
EvrRtxKernelError            0x1f75     0x2  Code  Wk  rtx_evr.o [2]
EvrRtxKernelGetState         0x1fbd     0x2  Code  Wk  rtx_evr.o [2]
EvrRtxKernelGetTickCount
                             0x203d     0x2  Code  Wk  rtx_evr.o [2]
EvrRtxKernelInitialize       0x2039     0x2  Code  Wk  rtx_evr.o [2]
EvrRtxKernelInitialized
                             0x1fbb     0x2  Code  Wk  rtx_evr.o [2]
EvrRtxKernelStart            0x203b     0x2  Code  Wk  rtx_evr.o [2]
EvrRtxKernelStarted          0x2035     0x2  Code  Wk  rtx_evr.o [2]
EvrRtxMemoryAlloc             0xffb     0x2  Code  Wk  rtx_evr.o [2]
EvrRtxMemoryBlockAlloc        0xff7     0x2  Code  Wk  rtx_evr.o [2]
EvrRtxMemoryBlockFree         0xff9     0x2  Code  Wk  rtx_evr.o [2]
EvrRtxMemoryBlockInit         0xff5     0x2  Code  Wk  rtx_evr.o [2]
EvrRtxMemoryFree             0x102f     0x2  Code  Wk  rtx_evr.o [2]
EvrRtxMemoryInit             0x203f     0x2  Code  Wk  rtx_evr.o [2]
EvrRtxMemoryPoolAllocTimeout
                              0xc17     0x2  Code  Wk  rtx_evr.o [2]
EvrRtxMessageQueueCreated
                             0x171f     0x2  Code  Wk  rtx_evr.o [2]
EvrRtxMessageQueueError
                             0x1717     0x2  Code  Wk  rtx_evr.o [2]
EvrRtxMessageQueueGet        0x172f     0x2  Code  Wk  rtx_evr.o [2]
EvrRtxMessageQueueGetPending
                             0x1725     0x2  Code  Wk  rtx_evr.o [2]
EvrRtxMessageQueueGetTimeout
                              0xc19     0x2  Code  Wk  rtx_evr.o [2]
EvrRtxMessageQueueInsertPending
                             0x172d     0x2  Code  Wk  rtx_evr.o [2]
EvrRtxMessageQueueInserted
                             0x1713     0x2  Code  Wk  rtx_evr.o [2]
EvrRtxMessageQueueNew        0x1729     0x2  Code  Wk  rtx_evr.o [2]
EvrRtxMessageQueueNotInserted
                             0x1723     0x2  Code  Wk  rtx_evr.o [2]
EvrRtxMessageQueueNotRetrieved
                             0x1727     0x2  Code  Wk  rtx_evr.o [2]
EvrRtxMessageQueuePut        0x172b     0x2  Code  Wk  rtx_evr.o [2]
EvrRtxMessageQueuePutPending
                             0x1721     0x2  Code  Wk  rtx_evr.o [2]
EvrRtxMessageQueuePutTimeout
                              0xc1b     0x2  Code  Wk  rtx_evr.o [2]
EvrRtxMessageQueueRetrieved
                             0x1715     0x2  Code  Wk  rtx_evr.o [2]
EvrRtxMutexAcquireTimeout
                              0xc13     0x2  Code  Wk  rtx_evr.o [2]
EvrRtxMutexAcquired          0x1033     0x2  Code  Wk  rtx_evr.o [2]
EvrRtxMutexReleased          0x1031     0x2  Code  Wk  rtx_evr.o [2]
EvrRtxSemaphoreAcquireTimeout
                              0xc15     0x2  Code  Wk  rtx_evr.o [2]
EvrRtxThreadBlocked           0xc23     0x2  Code  Wk  rtx_evr.o [2]
EvrRtxThreadCreated           0xdd3     0x2  Code  Wk  rtx_evr.o [2]
EvrRtxThreadDelayCompleted
                              0xc0d     0x2  Code  Wk  rtx_evr.o [2]
EvrRtxThreadDelayUntil       0x2599     0x2  Code  Wk  rtx_evr.o [2]
EvrRtxThreadDestroyed         0xe6f     0x2  Code  Wk  rtx_evr.o [2]
EvrRtxThreadError             0xd47     0x2  Code  Wk  rtx_evr.o [2]
EvrRtxThreadExit              0xe79     0x2  Code  Wk  rtx_evr.o [2]
EvrRtxThreadFlagsSet          0xe7b     0x2  Code  Wk  rtx_evr.o [2]
EvrRtxThreadFlagsSetDone
                              0xe71     0x2  Code  Wk  rtx_evr.o [2]
EvrRtxThreadFlagsWait         0xff1     0x2  Code  Wk  rtx_evr.o [2]
EvrRtxThreadFlagsWaitCompleted
                              0xc25     0x2  Code  Wk  rtx_evr.o [2]
EvrRtxThreadFlagsWaitNotCompleted
                              0xe75     0x2  Code  Wk  rtx_evr.o [2]
EvrRtxThreadFlagsWaitPending
                              0xe73     0x2  Code  Wk  rtx_evr.o [2]
EvrRtxThreadFlagsWaitTimeout
                              0xc0f     0x2  Code  Wk  rtx_evr.o [2]
EvrRtxThreadJoined            0xe6d     0x2  Code  Wk  rtx_evr.o [2]
EvrRtxThreadNew               0xe77     0x2  Code  Wk  rtx_evr.o [2]
EvrRtxThreadPreempted         0xc1f     0x2  Code  Wk  rtx_evr.o [2]
EvrRtxThreadSwitched          0xc21     0x2  Code  Wk  rtx_evr.o [2]
EvrRtxThreadUnblocked         0xc1d     0x2  Code  Wk  rtx_evr.o [2]
EvrRtxTimerCallback          0x239d     0x2  Code  Wk  rtx_evr.o [2]
GPIODirModeSet               0x2041    0x28  Code  Gb  gpio.o [4]
GPIOPadConfigSet             0x2069   0x102  Code  Gb  gpio.o [4]
GPIOPinTypeGPIOOutput        0x2173     0xa  Code  Gb  gpio.o [4]
GPIOPinWrite                 0x216b     0x8  Code  Gb  gpio.o [4]
LEDInit                      0x2191    0xac  Code  Gb  driverleds.o [1]
LEDWrite                     0x2255    0x58  Code  Gb  driverleds.o [1]
MessageQueueGet              0x108d    0x40  Code  Lc  rtx_msgqueue.o [2]
MessageQueuePut              0x1041    0x4a  Code  Lc  rtx_msgqueue.o [2]
MessageQueueRemove           0x10cd    0x1a  Code  Lc  rtx_msgqueue.o [2]
OS_Tick_AcknowledgeIRQ       0x1035     0xc  Code  Wk  os_systick.o [2]
OS_Tick_Enable               0x2009    0x2c  Code  Wk  os_systick.o [2]
OS_Tick_GetIRQn              0x2001     0x6  Code  Wk  os_systick.o [2]
OS_Tick_Setup                0x1fc1    0x40  Code  Wk  os_systick.o [2]
PendST                  0x2000'1400     0x1  Data  Lc  os_systick.o [2]
PendSV_Handler               0x2439          Code  Gb  irq_cm4f.o [2]
Region$$Table$$Base          0x26e8           --   Gb  - Linker created -
Region$$Table$$Limit         0x2708           --   Gb  - Linker created -
SVC_Handler                  0x23a1          Code  Gb  irq_cm4f.o [2]
SysCtlClockFreqSet           0x17f1   0x20a  Code  Gb  sysctl.o [4]
SysCtlPeripheralEnable       0x17d3     0x8  Code  Gb  sysctl.o [4]
SysCtlPeripheralReady        0x17b1     0x8  Code  Gb  sysctl.o [4]
SysTick_Handler              0x2449          Code  Gb  irq_cm4f.o [2]
SystemCoreClock         0x2000'13fc     0x4  Data  Gb  system_tm4c1294.o [1]
SystemInit                   0x255d    0x20  Code  Gb  system_tm4c1294.o [1]
Temporiza                    0x2483    0x1c  Code  Gb  main.o [1]
Temporiza_id            0x2000'13f8     0x4  Data  Gb  main.o [1]
ThreadFlagsCheck              0x26d    0x6c  Code  Lc  rtx_thread.o [2]
TimerInsert                  0x22c1    0x38  Code  Lc  rtx_timer.o [2]
_SysCtlMemTimingGet          0x1791    0x20  Code  Lc  sysctl.o [4]
__Vectors                       0x0           --   Gb  startup_tm4c1294.o [1]
__Vectors_End                 0x26c          Data  Gb  startup_tm4c1294.o [1]
__Vectors_Size {Abs}          0x26c           --   Gb  startup_tm4c1294.o [1]
__aeabi_memclr               0x1719          Code  Gb  ABImemclr.o [6]
__aeabi_memclr4               0xdcd          Code  Gb  ABImemclr4.o [6]
__aeabi_memcpy               0x166d          Code  Gb  ABImemcpy.o [6]
__aeabi_memcpy4              0x168d          Code  Gb  ABImemcpy.o [6]
__aeabi_memcpy8              0x168d          Code  Gb  ABImemcpy.o [6]
__cmain                      0x2709          Code  Gb  cmain.o [6]
__exit                       0x273d    0x14  Code  Gb  exit.o [7]
__iar_Memset4_word            0xffd          Code  Gb  ABImemset48.o [6]
__iar_Memset8_word            0xffd          Code  Gb  ABImemset48.o [6]
__iar_Memset_word            0x1731          Code  Gb  ABImemset.o [6]
__iar_data_init3             0x269d    0x28  Code  Gb  data_init.o [6]
__iar_init_vfp               0x26c5          Code  Gb  fpinit_M.o [5]
__iar_packbits_init_single3
                             0x2665    0x38  Code  Gb  packbits_init_single.o [6]
__iar_program_start          0x2761          Code  Gb  cstartup_M.o [6]
__iar_zero_init3              0xc27    0x3a  Code  Gb  zero_init3.o [6]
__low_level_init             0x2727     0x4  Code  Gb  low_level_init.o [3]
__vector_table                  0x0          Data  Gb  startup_tm4c1294.o [1]
__vector_table_0x1c            0x1c          Data  Gb  startup_tm4c1294.o [1]
_call_main                   0x2715          Code  Gb  cmain.o [6]
_exit                        0x2731          Code  Gb  cexit.o [6]
_main                        0x2723          Code  Gb  cmain.o [6]
exit                         0x272b     0x4  Code  Gb  exit.o [3]
g_pppui32XTALtoVCO           0x1a94   0x1b0  Data  Lc  sysctl.o [4]
g_pui32VCOFrequencies        0x1c74     0x8  Data  Lc  sysctl.o [4]
g_pui32Xtals                 0x1a28    0x6c  Data  Lc  sysctl.o [4]
g_sXTALtoMEMTIM              0x1c44    0x30  Data  Lc  sysctl.o [4]
main                         0x249f    0x38  Code  Gb  main.o [1]
osDelayUntil                 0x2519    0x3a  Code  Gb  rtx_delay.o [2]
osKernelGetState             0x1ea9    0x40  Code  Gb  rtx_kernel.o [2]
osKernelGetTickCount         0x1f1d    0x20  Code  Gb  rtx_kernel.o [2]
osKernelInitialize           0x1e71    0x38  Code  Gb  rtx_kernel.o [2]
osKernelStart                0x1ee9    0x34  Code  Gb  rtx_kernel.o [2]
osMessageQueueGet            0x15c9    0x90  Code  Gb  rtx_msgqueue.o [2]
osMessageQueueNew            0x14f1    0x3e  Code  Gb  rtx_msgqueue.o [2]
osMessageQueuePut            0x1531    0x98  Code  Gb  rtx_msgqueue.o [2]
osRtxConfig                  0x259c    0x68  Data  Gb  rtx_lib.o [1]
osRtxErrorNotify              0xff3     0x2  Code  Wk  RTX_Config.o [1]
osRtxIdleThread               0xdcb     0x2  Code  Wk  RTX_Config.o [1]
osRtxInfo               0x2000'0000    0xa4  Data  Gb  rtx_kernel.o [2]
osRtxKernelPreInit           0x2037     0x2  Code  Gb  rtx_lib.o [1]
osRtxMemoryAlloc              0xd49    0x82  Code  Wk  rtx_memory.o [2]
osRtxMemoryFree               0xdd5    0x4c  Code  Wk  rtx_memory.o [2]
osRtxMemoryInit              0x1f77    0x44  Code  Wk  rtx_memory.o [2]
osRtxMemoryPoolAlloc          0xcad    0x44  Code  Gb  rtx_mempool.o [2]
osRtxMemoryPoolFree           0xcf1    0x56  Code  Gb  rtx_mempool.o [2]
osRtxMemoryPoolInit           0xc61    0x4a  Code  Gb  rtx_mempool.o [2]
osRtxMessageQueuePostProcess
                             0x10e7    0xee  Code  Lc  rtx_msgqueue.o [2]
osRtxMutexOwnerRelease        0xe21    0x4c  Code  Gb  rtx_mutex.o [2]
osRtxPendSV_Handler           0xeed    0x8a  Code  Gb  rtx_system.o [2]
osRtxPostProcess              0xf79    0x6e  Code  Gb  rtx_system.o [2]
osRtxThreadBlock              0x50d    0x34  Code  Lc  rtx_thread.o [2]
osRtxThreadDelayInsert        0x331    0x66  Code  Lc  rtx_thread.o [2]
osRtxThreadDelayRemove        0x397    0x60  Code  Lc  rtx_thread.o [2]
osRtxThreadDelayTick          0x3f7   0x102  Code  Gb  rtx_thread.o [2]
osRtxThreadDispatch           0x55d    0x5c  Code  Gb  rtx_thread.o [2]
osRtxThreadFree               0x84d    0x56  Code  Lc  rtx_thread.o [2]
osRtxThreadListGet            0x2fd    0x16  Code  Gb  rtx_thread.o [2]
osRtxThreadListPut            0x2d9    0x24  Code  Gb  rtx_thread.o [2]
osRtxThreadListRemove         0x313    0x16  Code  Gb  rtx_thread.o [2]
osRtxThreadPostProcess        0x62f    0x50  Code  Lc  rtx_thread.o [2]
osRtxThreadReadyPut           0x329     0x8  Code  Gb  rtx_thread.o [2]
osRtxThreadRegPtr             0x4f9    0x14  Code  Gb  rtx_thread.o [2]
osRtxThreadStartup            0xa61    0x3e  Code  Gb  rtx_thread.o [2]
osRtxThreadSwitch             0x541    0x1c  Code  Gb  rtx_thread.o [2]
osRtxThreadWaitEnter          0x5f3    0x3c  Code  Gb  rtx_thread.o [2]
osRtxThreadWaitExit           0x5bf    0x2e  Code  Gb  rtx_thread.o [2]
osRtxTick_Handler             0xe7d    0x6e  Code  Gb  rtx_system.o [2]
osRtxTimerThread             0x2351    0x4c  Code  Wk  rtx_timer.o [2]
osRtxTimerTick               0x22f9    0x54  Code  Lc  rtx_timer.o [2]
osRtxUserSVC                 0x276c     0x4  Data  Wk  rtx_lib.o [1]
osThreadExit                  0xae5    0x16  Code  Gb  rtx_thread.o [2]
osThreadFlagsSet              0xb09    0x7a  Code  Gb  rtx_thread.o [2]
osThreadFlagsWait             0xb89    0x42  Code  Gb  rtx_thread.o [2]
osThreadNew                   0xaa1    0x40  Code  Gb  rtx_thread.o [2]
os_idle_thread_attr          0x2604    0x24  Data  Lc  rtx_lib.o [1]
os_idle_thread_cb       0x2000'12f8    0x44  Data  Lc  rtx_lib.o [1]
os_idle_thread_stack    0x2000'10a8   0x100  Data  Lc  rtx_lib.o [1]
os_isr_queue            0x2000'1380    0x40  Data  Lc  rtx_lib.o [1]
os_mem                  0x2000'00a8  0x1000  Data  Lc  rtx_lib.o [1]
os_timer_mq_attr             0x264c    0x18  Data  Lc  rtx_lib.o [1]
os_timer_mq_cb          0x2000'13c0    0x34  Data  Lc  rtx_lib.o [1]
os_timer_mq_data        0x2000'12a8    0x50  Data  Lc  rtx_lib.o [1]
os_timer_thread_attr         0x2628    0x24  Data  Lc  rtx_lib.o [1]
os_timer_thread_cb      0x2000'133c    0x44  Data  Lc  rtx_lib.o [1]
os_timer_thread_stack   0x2000'11a8   0x100  Data  Lc  rtx_lib.o [1]
svcRtxDelayUntil             0x24e5    0x32  Code  Lc  rtx_delay.o [2]
svcRtxKernelGetState         0x1dc3    0x12  Code  Lc  rtx_kernel.o [2]
svcRtxKernelGetTickCount
                             0x1e6d     0x4  Code  Lc  rtx_kernel.o [2]
svcRtxKernelInitialize       0x1c7d   0x146  Code  Lc  rtx_kernel.o [2]
svcRtxKernelStart            0x1dd5    0x98  Code  Lc  rtx_kernel.o [2]
svcRtxMessageQueueGet        0x13d9    0xee  Code  Lc  rtx_msgqueue.o [2]
svcRtxMessageQueueNew        0x11d5   0x130  Code  Lc  rtx_msgqueue.o [2]
svcRtxMessageQueuePut        0x1305    0xd4  Code  Lc  rtx_msgqueue.o [2]
svcRtxThreadExit              0x8a3    0x96  Code  Lc  rtx_thread.o [2]
svcRtxThreadFlagsSet          0x939    0x94  Code  Lc  rtx_thread.o [2]
svcRtxThreadFlagsWait         0x9d9    0x88  Code  Lc  rtx_thread.o [2]
svcRtxThreadNew               0x67f   0x1c8  Code  Lc  rtx_thread.o [2]


[1] = C:\Users\lucastsuchiya\Google Drive\NotebookAsus\Embarcados\Tiva_RTOS2_IAR8 Atualizado\Tiva_RTOS2_IAR8 Atuallizado\sinalizador\ewarm\Obj
[2] = RTX_CM4F.a
[3] = dl7M_tln.a
[4] = driverlib.a
[5] = m7M_tls.a
[6] = rt7M_tl.a
[7] = shb_l.a

   9 884 bytes of readonly  code memory
     253 bytes of readonly  data memory
  37 889 bytes of readwrite data memory

Errors: none
Warnings: none
